Collecting sitemap + URL universe...
Fetching 279 URLs from http://127.0.0.1:3010...
Fetched 279 pages
BFS crawl depth from homepage...
Wrote /Users/LMeyeridricks/Documents/coding/kitletics/docs/prelaunch/04-seo-indexation.md
Wrote /Users/LMeyeridricks/Documents/coding/kitletics/docs/prelaunch/data/04-seo-indexation.json
{
  "sitemap": 850,
  "crawled": 324,
  "classes": {
    "404": 24,
    "INDEXABLE": 266,
    "NOINDEX": 19,
    "CANONICALIZED": 0,
    "REDIRECT": 2,
    "DRAFT_FUTURE_PROTECTED": 13,
    "ACCIDENTALLY_EXPOSED": 0,
    "UNKNOWN": 0
  },
  "orphans": 291,
  "filterIndexable": 0,
  "accidentalExposure": 0
}
