Loading catalog + sitemap...
Sitemap 867; fetching 868 pages from http://127.0.0.1:3010...
Home OK status=200
  fetch 1/868
  fetch 100/868
  fetch 200/868
  fetch 300/868
  fetch 400/868
  fetch 500/868
  fetch 600/868
  fetch 700/868
  fetch 800/868
Wrote docs/prelaunch/05-architecture-internal-links.md
Wrote docs/prelaunch/data/05-link-graph.json
{
  "indexable": 859,
  "orphans": 1,
  "runningIndexable": 734,
  "largestComponent": 734,
  "hubs": [
    {
      "name": "Homepage",
      "out": 73
    },
    {
      "name": "Running Hub",
      "out": 120
    },
    {
      "name": "Running Gear Hub",
      "out": 59
    },
    {
      "name": "Reviews Hub",
      "out": 534
    },
    {
      "name": "Best Hub",
      "out": 37
    }
  ]
}
EXIT05:0
