
> kitletics@0.1.0 build
> next build

   ▲ Next.js 15.5.24
   - Environments: .env.local

   Creating an optimized production build ...
 ✓ Compiled successfully in 111s
   Linting and checking validity of types ...

./src/components/alternatives/SourceProductSummary.tsx
1:8  Warning: 'Image' is defined but never used.  @typescript-eslint/no-unused-vars

./src/components/builders/HomeGymBuilderClient.tsx
183:6  Warning: React Hook useEffect has a missing dependency: 'applyShared'. Either include it or remove the dependency array.  react-hooks/exhaustive-deps

./src/components/compare/CompareExperience.tsx
5:8  Warning: 'Link' is defined but never used.  @typescript-eslint/no-unused-vars

./src/components/compare/ComparisonPage.tsx
7:10  Warning: 'AddToCompareButton' is defined but never used.  @typescript-eslint/no-unused-vars

./src/components/discovery/sections.tsx
1:8  Warning: 'Link' is defined but never used.  @typescript-eslint/no-unused-vars

./src/components/finder/FinderFlow.tsx
5:8  Warning: 'Link' is defined but never used.  @typescript-eslint/no-unused-vars
18:3  Warning: 'stepIsComplete' is defined but never used.  @typescript-eslint/no-unused-vars

./src/components/search/SearchFilters.tsx
211:9  Warning: The 'baseOpts' object makes the dependencies of useMemo Hook (at line 388) change on every render. Move it inside the useMemo callback. Alternatively, wrap the initialization of 'baseOpts' in its own useMemo() Hook.  react-hooks/exhaustive-deps

./src/components/sport-hub/SportHubBestStrip.tsx
11:3  Warning: 'SportHubPageData' is defined but never used.  @typescript-eslint/no-unused-vars

./src/content/running/best-guides.ts
10:7  Warning: 'watchCriteria' is assigned a value but never used.  @typescript-eslint/no-unused-vars
12:7  Warning: 'hrmCriteria' is assigned a value but never used.  @typescript-eslint/no-unused-vars
40:7  Warning: 'vestCriteria' is assigned a value but never used.  @typescript-eslint/no-unused-vars

./src/content/running/weak-cats-launch-ready.ts
1068:7  Warning: 'EXISTING_REVIEW_LINKS' is assigned a value but never used.  @typescript-eslint/no-unused-vars

./src/domain/builders/home-gym.ts
196:7  Warning: 'ROLE_CATEGORY' is assigned a value but never used.  @typescript-eslint/no-unused-vars

./src/domain/site-quality/fix-and-report.ts
5:10  Warning: 'issue' is defined but never used.  @typescript-eslint/no-unused-vars
24:11  Warning: 'hit' is assigned a value but never used.  @typescript-eslint/no-unused-vars

./src/domain/site-quality/issues.ts
22:21  Warning: '_drop' is assigned a value but never used.  @typescript-eslint/no-unused-vars

./src/lib/catalog/assemble.ts
35:3  Warning: 'isLaunchListable' is defined but never used.  @typescript-eslint/no-unused-vars

./src/lib/comparison/product-index-search.ts
3:3  Warning: 'CompareCategoryOption' is defined but never used.  @typescript-eslint/no-unused-vars

./src/lib/comparison/product-index.ts
18:3  Warning: 'findIndexItemsBySlugs' is defined but never used.  @typescript-eslint/no-unused-vars

./src/lib/guides/enrich-explainer-visuals.ts
753:24  Warning: '_drop' is assigned a value but never used.  @typescript-eslint/no-unused-vars

./src/lib/review/review-longform.ts
360:37  Warning: 'key' is defined but never used.  @typescript-eslint/no-unused-vars
1294:3  Warning: '_topic' is defined but never used.  @typescript-eslint/no-unused-vars
1295:3  Warning: '_product' is defined but never used.  @typescript-eslint/no-unused-vars
1296:3  Warning: '_review' is defined but never used.  @typescript-eslint/no-unused-vars

./src/lib/setups/get-gear-setup-page-data.ts
11:3  Warning: 'BuyingGuide' is defined but never used.  @typescript-eslint/no-unused-vars
12:3  Warning: 'BestGuide' is defined but never used.  @typescript-eslint/no-unused-vars

./src/repositories/commerce.ts
27:3  Warning: 'shouldDisplayNumericPrice' is defined but never used.  @typescript-eslint/no-unused-vars

info  - Need to disable some ESLint rules? Learn more here: https://nextjs.org/docs/app/api-reference/config/eslint#disabling-rules
   Collecting page data ...
   Generating static pages (0/2242) ...
   Generating static pages (96/2242) 
   Generating static pages (490/2242) 
   Generating static pages (560/2242) 
   Generating static pages (661/2242) 
Failed to build /guides/[slug]/page: /guides/running-shoe-cushioning (attempt 1 of 3) because it took more than 60 seconds. Retrying again shortly.
   Generating static pages (926/2242) 
   Generating static pages (1120/2242) 
   Generating static pages (1426/2242) 
Failed to build /_error: /404 (attempt 1 of 3) because it took more than 60 seconds. Retrying again shortly.
Failed to build /_error: /500 (attempt 1 of 3) because it took more than 60 seconds. Retrying again shortly.
Failed to build /icon/route: /icon (attempt 1 of 3) because it took more than 60 seconds. Retrying again shortly.
Failed to build /robots.txt/route: /robots.txt (attempt 1 of 3) because it took more than 60 seconds. Retrying again shortly.
Failed to build /opengraph-image/route: /opengraph-image (attempt 1 of 3) because it took more than 60 seconds. Retrying again shortly.
Failed to build /manifest.webmanifest/route: /manifest.webmanifest (attempt 1 of 3) because it took more than 60 seconds. Retrying again shortly.
Failed to build /apple-icon/route: /apple-icon (attempt 1 of 3) because it took more than 60 seconds. Retrying again shortly.
Failed to build /sitemap.xml/route: /sitemap.xml (attempt 1 of 3) because it took more than 60 seconds. Retrying again shortly.
   Generating static pages (1674/2242) 
   Generating static pages (1681/2242) 
Failed to build /_error: /404 (attempt 2 of 3) because it took more than 60 seconds. Retrying again shortly.
Failed to build /robots.txt/route: /robots.txt (attempt 2 of 3) because it took more than 60 seconds. Retrying again shortly.
Failed to build /icon/route: /icon (attempt 2 of 3) because it took more than 60 seconds. Retrying again shortly.
Failed to build /manifest.webmanifest/route: /manifest.webmanifest (attempt 2 of 3) because it took more than 60 seconds. Retrying again shortly.
Failed to build /opengraph-image/route: /opengraph-image (attempt 2 of 3) because it took more than 60 seconds. Retrying again shortly.
Failed to build /apple-icon/route: /apple-icon (attempt 2 of 3) because it took more than 60 seconds. Retrying again shortly.
Failed to build /sitemap.xml/route: /sitemap.xml (attempt 2 of 3) because it took more than 60 seconds. Retrying again shortly.
   Generating static pages (1941/2242) 
Attempted to render <function ia({preloadCallbacks:e}){return e.forEach(e=>e()),null}> without development properties. This is not supported. It can happen if:
- The element is created with a production version of React but rendered in development.
- The element was cloned with a custom function instead of `React.cloneElement`.
The props of this element may help locate this element: {
  preloadCallbacks: [ [Function (anonymous)] { [length]: 0, [name]: '' }, [length]: 1 ]
}
Error occurred prerendering page "/". Read more: https://nextjs.org/docs/messages/prerender-error
[TypeError: Cannot read properties of undefined (reading 'stack')] {
  digest: '1821004076'
}
Export encountered an error on /page: /, exiting the build.
 ⨯ Next.js build worker exited with code: 1 and signal: null
