… asics-novablast-5 OK +2
… asics-novablast-4 OK +2
… asics-gel-nimbus-27 OK +2
… nike-pegasus-41 skip
… brooks-ghost-16 skip
… hoka-clifton-9 skip
… saucony-endorphin-speed-4 skip
… new-balance-fuelcell-rebel-v4 skip
… adidas-adizero-boston-12 skip
… asics-novablast-6 skip
… asics-superblast-2 skip
… asics-gel-kayano-32 skip
… asics-gel-cumulus-27 OK +2
… asics-metaspeed-sky-paris skip
… asics-gt-2000-14 skip
… nike-pegasus-42 skip
… nike-vomero-18 skip
… nike-invincible-3 skip
… nike-vaporfly-4 skip
… nike-alphafly-3 skip
… nike-structure-26 skip
… nike-structure-plus skip
… brooks-ghost-18 skip
… brooks-glycerin-22 skip
… brooks-glycerin-21 skip
… brooks-adrenaline-gts-25 skip
… brooks-hyperion-max-2 skip
… hoka-clifton-10 skip
… hoka-bondi-9 skip
… hoka-bondi-8 skip
… hoka-mach-6 skip
… hoka-speedgoat-6 skip
… hoka-clifton-pro skip
… saucony-endorphin-speed-5 skip
… saucony-endorphin-pro-4 skip
… saucony-endorphin-pro-3 skip
… saucony-ride-18 skip
… saucony-triumph-22 skip
… saucony-peregrine-15 skip
… new-balance-fresh-foam-x-1080-v14 skip
… new-balance-fresh-foam-x-1080-v13 OK +5
… new-balance-fuelcell-supercomp-elite-v4 skip
… new-balance-fuelcell-rebel-v5 OK +5
… new-balance-fuelcell-supercomp-trainer-v3 skip
… adidas-adizero-evo-sl skip
… adidas-adizero-adios-pro-4 skip
… on-cloudmonster-2 skip
… on-cloudsurfer-next skip
… altra-torin-8 skip
… altra-escalante-4 skip
… altra-lone-peak-8 skip
… salomon-aero-glide-2 skip
… salomon-sense-ride-5 skip
… salomon-pulsar-trail-2 skip
… topo-athletic-specter-2 skip
… topo-athletic-phantom-3 skip
… puma-deviate-nitro-3 skip
… puma-magnify-nitro-2 skip
… mizuno-wave-rider-28 skip
… mizuno-wave-rebellion-pro-3 skip
… inov8-trailfly-ultra-g-300-max skip
… brooks-cascadia-18 skip
… nike-pegasus-trail-5 skip
… asics-gel-trabuco-13 skip
… saucony-xodus-ultra-3 skip
… new-balance-fresh-foam-x-hierro-v9 skip
… adidas-terrex-agravic-3 skip
… salomon-ultra-glide-2 skip
… topo-athletic-terraventure-5 skip
… saucony-guide-18 skip
… hoka-arahi-7 skip
… hoka-gaviota-5 skip
… new-balance-fresh-foam-x-860-v14 skip
… asics-gt-1000-13 skip
… brooks-glycerin-gts-22 skip
… nike-react-infinity-run-4 skip
… altra-paradigm-7 skip
… altra-experience-flow skip
… adidas-adizero-boston-13 skip
… adidas-ultraboost-5 skip
… on-cloudsurfer-2 skip
… on-cloudmonster-hyper skip
… salomon-genesis skip
… garmin-forerunner-965 OK +8
… garmin-forerunner-255 skip
… coros-pace-3 OK +4
… garmin-forerunner-970 skip
… garmin-forerunner-570 OK +2
… garmin-forerunner-265 skip
… garmin-forerunner-165 skip
… garmin-forerunner-55 skip
… coros-pace-pro OK +4
… coros-apex-2-pro OK +4
… polar-vantage-v3 skip
… polar-pacer-pro skip
… suunto-race skip
… suunto-race-s skip
… apple-watch-ultra-2 skip
… garmin-fenix-8 OK +8
… garmin-enduro-3 skip
… garmin-instinct-3 OK +8
… garmin-vivoactive-6 OK +6
… garmin-forerunner-265s skip
… garmin-epix-pro-gen-2 OK +2
… coros-apex-4 OK +4
… coros-pace-4 OK +4
… coros-vertix-2s OK +4
… suunto-vertical-2 skip
… suunto-run skip
… polar-grit-x2 skip
… polar-pacer skip
… apple-watch-ultra-3 skip
… apple-watch-series-10 skip
… samsung-galaxy-watch-ultra skip
… amazfit-t-rex-3-pro skip
… amazfit-active-2 skip
… garmin-hrm-pro-plus skip
… garmin-hrm-600 skip
… polar-h10 skip
… polar-verity-sense skip
… wahoo-tickr skip
… wahoo-tickr-x skip
… coros-heart-rate-monitor OK +4
… garmin-hrm-200 OK +2
… garmin-hrm-fit OK +4
… polar-h9 skip
… wahoo-trackr skip
… wahoo-tickr-fit skip
… scosche-rhythm-plus-2 skip
… scosche-rhythm24 skip
… suunto-smart-heart-rate-belt skip
… salomon-adv-skin-12 skip
… salomon-adv-skin-5 skip
… nathan-vaporair-4 skip
… nathan-pinnacle-12 skip
… ultimate-direction-race-vest-6 skip
… camelbak-zephyr-pro skip
… camelbak-circuit-run-vest skip
… camelbak-apex-pro skip
… osprey-duro-lt skip
… osprey-dyna-lt skip
… osprey-duro-15 skip
… uswe-pace-8 skip
… ultraspire-alpha-6 skip
… ultraspire-spry-5 skip
… compressport-ultrun-s-pack skip
… nnormal-race-vest skip
… on-ultra-vest-pro OK +4
… black-diamond-distance-8 skip
… ultimate-direction-fastpack-20 skip
… ultimate-direction-fastpack-her-20 skip
… ultimate-direction-fastpack-30 skip
… osprey-talon-velocity-20 skip
… osprey-tempest-velocity-20 skip
… osprey-talon-velocity-30 skip
… black-diamond-distance-15 skip
… black-diamond-distance-22 skip
… salomon-xa-15 skip
… salomon-custom-quiver skip
… ultimate-direction-utility-bag skip
… nathan-zippered-stash OK +2
… nathan-vaporair-2 skip
… ultimate-direction-adventure-vest skip
… camelbak-zephyr skip
… osprey-duro-6 skip
… osprey-dyna-6 skip

Gallery products: 23; extras: 92
