Draft media fetch: 22 targets
… patagonia-slope-runner-vest FAIL
… raidlight-responsiv-12 FAIL
… hydrapak-shape-shift-15 FAIL
… nathan-quickdraw-plus-handheld FAIL
… camelbak-quick-grip-chill FAIL
… salomon-soft-reservoir-15 FAIL
… camelbak-octane-22 FAIL
… salomon-trailblazer-20 FAIL
… leki-trail-running-quiver FAIL
… ultimate-direction-utility-bag FAIL
… salomon-soft-flask-stash FAIL
… nathan-zippered-stash FAIL
… starvie-absolute-padel FAIL
… kuikma-ps-560-women FAIL
… oxdog-hyper-court FAIL
… adidas-solecourt-boost-padel FAIL
… head-revolt-court-padel FAIL
… tecnifibre-wall-shooter FAIL
… varlion-bourne-padel FAIL
… nike-zoom-gp-turbo-hc-2 FAIL
… wilson-kaos-rapide-3-0 FAIL
… new-balance-fresh-foam-x-lav-v2 FAIL

OK 0/22
Wrote /Users/LMeyeridricks/Documents/coding/kitletics/data/staging/draft-media-fetch-report.json
Registry entries added: 0
