{
  "published": 58,
  "indexable": 44,
  "assessedLr": 44,
  "thin": 9,
  "nmw": 5,
  "notLrAmongIndexable": [],
  "thinIndexed": [],
  "sitemapBestCount": 44,
  "sitemapOnly": [],
  "eligOnly": [],
  "indexableSlugs": [
    "carbon-plated-running-shoes",
    "daily-trainers",
    "handheld-running-bottles",
    "heart-rate-monitors-chest-straps",
    "heart-rate-monitors-intervals",
    "heart-rate-monitors-running",
    "hydration-marathon-training",
    "hydration-vests-trail",
    "hydration-vests-ultra",
    "marathon-shoes",
    "max-cushion-running-shoes",
    "race-shoes",
    "running-belts",
    "running-clothing-hot-weather",
    "running-gear-winter",
    "running-headlamps",
    "running-headphones",
    "running-hydration-vests",
    "running-jackets",
    "running-packs",
    "running-race-fuel",
    "running-rain-jackets",
    "running-recovery-gear",
    "running-safety-visibility",
    "running-shoes",
    "running-shoes-beginners",
    "running-shoes-heavy-runners",
    "running-shoes-long-runs",
    "running-shoes-wide-feet",
    "running-shorts",
    "running-socks",
    "running-sunglasses",
    "running-tights",
    "running-watches",
    "running-watches-beginners",
    "running-watches-budget",
    "running-watches-marathon",
    "running-watches-music",
    "running-watches-small-wrists",
    "running-watches-trail",
    "running-watches-ultra",
    "stability-running-shoes",
    "tempo-running-shoes",
    "trail-running-shoes"
  ],
  "heldVerticalIndexed": []
}
