(!) Your Vite config uses features that are unsupported by `configLoader: 'native'`, which is planned to become the default in a future major version of Vite:
  - ESM syntax in a file loaded as CommonJS (vitest.config.ts:1:1). Use a `.mjs` extension or set `"type": "module"` in the closest package.json
Set `VITE_CONFIG_NATIVE_IGNORE_WARNING=true` to suppress this warning.

 RUN  v4.1.11 /Users/LMeyeridricks/Documents/coding/kitletics

 ❯ tests/tmp-28-commerce-probe.test.ts (1 test | 1 failed) 13ms
     × dumps offer state under vitest 6ms

⎯⎯⎯⎯⎯⎯⎯ Failed Tests 1 ⎯⎯⎯⎯⎯⎯⎯

 FAIL  tests/tmp-28-commerce-probe.test.ts > 28 commerce probe > dumps offer state under vitest
TypeError: getLowestOfferPrice is not a function
 ❯ tests/tmp-28-commerce-probe.test.ts:24:19
     22|     }
     23|     const nlNb5 = getOffersForProductInRegion("prod-novablast-5", "NL"…
     24|     const price = getLowestOfferPrice("prod-novablast-5", "NL");
       |                   ^
     25|     const page = getProductPageData("asics-novablast-5", { isDev: fals…
     26|     // eslint-disable-next-line no-console

⎯⎯⎯⎯⎯⎯⎯⎯⎯⎯⎯⎯⎯⎯⎯⎯⎯⎯⎯⎯⎯⎯⎯⎯[1/1]⎯


 Test Files  1 failed (1)
      Tests  1 failed (1)
   Start at  08:04:23
   Duration  4.49s (transform 3.61s, setup 0ms, import 4.24s, tests 13ms, environment 0ms)

