{
  "sitemapCount": 660,
  "bestOk": true,
  "bestIndexable": 44,
  "bestBad": 0,
  "reviewsOk": true,
  "reviewIndexable": 43,
  "reviewBad": 0,
  "running": {
    "total": 367,
    "launchReady": 362,
    "indexable": 251,
    "indexableNotLaunchReady": []
  },
  "verticals": [
    {
      "slug": "running",
      "id": "sport-running",
      "mode": "enabled",
      "disposition": "INDEXABLE",
      "indexable": true
    },
    {
      "slug": "fitness",
      "id": "sport-training",
      "mode": "selective",
      "disposition": "PUBLIC_NOINDEX",
      "indexable": false
    },
    {
      "slug": "hyrox",
      "id": "sport-hyrox",
      "mode": "disabled",
      "disposition": "HIDDEN_404",
      "indexable": false
    },
    {
      "slug": "calisthenics",
      "id": "sport-calisthenics",
      "mode": "disabled",
      "disposition": "PUBLIC_NOINDEX",
      "indexable": false
    },
    {
      "slug": "combat",
      "id": "sport-combat",
      "mode": "disabled",
      "disposition": "HIDDEN_404",
      "indexable": false
    },
    {
      "slug": "racket",
      "id": "sport-racket",
      "mode": "disabled",
      "disposition": "PUBLIC_NOINDEX",
      "indexable": false
    },
    {
      "slug": "padel",
      "id": "sport-padel",
      "mode": "disabled",
      "disposition": "PUBLIC_NOINDEX",
      "indexable": false
    },
    {
      "slug": "tennis",
      "id": "sport-tennis",
      "mode": "disabled",
      "disposition": "PUBLIC_NOINDEX",
      "indexable": false
    },
    {
      "slug": "pickleball",
      "id": "sport-pickleball",
      "mode": "disabled",
      "disposition": "PUBLIC_NOINDEX",
      "indexable": false
    },
    {
      "slug": "badminton",
      "id": "sport-badminton",
      "mode": "disabled",
      "disposition": "PUBLIC_NOINDEX",
      "indexable": false
    },
    {
      "slug": "squash",
      "id": "sport-squash",
      "mode": "disabled",
      "disposition": "PUBLIC_NOINDEX",
      "indexable": false
    },
    {
      "slug": "cycling",
      "id": "sport-cycling",
      "mode": "disabled",
      "disposition": "HIDDEN_404",
      "indexable": false
    },
    {
      "slug": "swimming",
      "id": "sport-swimming",
      "mode": "disabled",
      "disposition": "HIDDEN_404",
      "indexable": false
    },
    {
      "slug": "watersports",
      "id": "sport-watersports",
      "mode": "disabled",
      "disposition": "HIDDEN_404",
      "indexable": false
    },
    {
      "slug": "diving",
      "id": "sport-diving",
      "mode": "disabled",
      "disposition": "HIDDEN_404",
      "indexable": false
    },
    {
      "slug": "fishing",
      "id": "sport-fishing",
      "mode": "disabled",
      "disposition": "HIDDEN_404",
      "indexable": false
    },
    {
      "slug": "target",
      "id": "sport-target",
      "mode": "disabled",
      "disposition": "HIDDEN_404",
      "indexable": false
    },
    {
      "slug": "indoor",
      "id": "sport-indoor",
      "mode": "disabled",
      "disposition": "HIDDEN_404",
      "indexable": false
    },
    {
      "slug": "winter",
      "id": "sport-winter",
      "mode": "disabled",
      "disposition": "HIDDEN_404",
      "indexable": false
    },
    {
      "slug": "recovery",
      "id": "sport-recovery",
      "mode": "disabled",
      "disposition": "HIDDEN_404",
      "indexable": false
    },
    {
      "slug": "recreation",
      "id": "sport-recreation",
      "mode": "disabled",
      "disposition": "HIDDEN_404",
      "indexable": false
    }
  ],
  "draftFuture": 0,
  "orphanIdxNotSitemap": 0,
  "sitemapNotIdx": 0,
  "commission": {
    "fileMentionsCommission": true,
    "intentionalAbsence": true,
    "influencesRanking": false
  },
  "trustMissing": [
    {
      "path": "/editorial-standards",
      "present": false
    }
  ],
  "aggregateRatingFiles": [
    "src/app/scoring-methodology/page.tsx",
    "src/domain/site-quality/audits/media-schema.ts",
    "src/app/editorial-policy/page.tsx"
  ]
}
