[1/536] cat-running-shoes adidas-adizero-adios-pro-4… READY (3625w, 13 secs)
[2/536] cat-running-shoes adidas-adizero-boston-12… READY (3476w, 13 secs)
[3/536] cat-running-shoes adidas-adizero-boston-13… READY (3508w, 13 secs)
[4/536] cat-running-shoes adidas-adizero-evo-sl… READY (3523w, 13 secs)
[5/536] cat-running-shoes adidas-terrex-agravic-3… READY (3553w, 13 secs)
[6/536] cat-running-shoes adidas-ultraboost-5… READY (3395w, 13 secs)
[7/536] cat-running-shoes altra-escalante-4… READY (3522w, 13 secs)
[8/536] cat-running-shoes altra-experience-flow… READY (3444w, 13 secs)
[9/536] cat-running-shoes altra-lone-peak-8… READY (3515w, 13 secs)
[10/536] cat-running-shoes altra-paradigm-7… READY (3487w, 13 secs)
[11/536] cat-running-shoes altra-torin-8… READY (3495w, 13 secs)
[12/536] cat-running-shoes asics-gel-cumulus-27… READY (3548w, 13 secs)
[13/536] cat-running-shoes asics-gel-nimbus-27… READY (3550w, 13 secs)
[14/536] cat-running-shoes asics-gel-trabuco-13… READY (3479w, 13 secs)
[15/536] cat-running-shoes asics-gt-1000-13… READY (3547w, 13 secs)
[16/536] cat-running-shoes asics-gt-2000-14… READY (3476w, 13 secs)
[17/536] cat-running-shoes asics-metaspeed-sky-paris… READY (3481w, 13 secs)
[18/536] cat-running-shoes asics-novablast-4… READY (3499w, 13 secs)
[19/536] cat-running-shoes asics-novablast-6… READY (3447w, 13 secs)
[20/536] cat-running-shoes brooks-cascadia-18… READY (3500w, 13 secs)
[21/536] cat-running-shoes brooks-ghost-16… READY (3414w, 13 secs)
[22/536] cat-running-shoes brooks-glycerin-21… READY (3470w, 13 secs)
[23/536] cat-running-shoes brooks-glycerin-gts-22… READY (3439w, 13 secs)
[24/536] cat-running-shoes brooks-hyperion-max-2… READY (3528w, 13 secs)
[25/536] cat-running-shoes hoka-arahi-7… READY (3528w, 13 secs)
[26/536] cat-running-shoes hoka-bondi-8… READY (3459w, 13 secs)
[27/536] cat-running-shoes hoka-clifton-9… READY (3531w, 13 secs)
[28/536] cat-running-shoes hoka-clifton-pro… READY (3452w, 13 secs)
[29/536] cat-running-shoes hoka-gaviota-5… READY (3523w, 13 secs)
[30/536] cat-running-shoes hoka-mach-6… READY (3525w, 13 secs)
[31/536] cat-running-shoes inov8-trailfly-ultra-g-300-max… READY (3632w, 13 secs)
[32/536] cat-running-shoes mizuno-wave-rebellion-pro-3… READY (3576w, 13 secs)
[33/536] cat-running-shoes mizuno-wave-rider-28… READY (3475w, 13 secs)
[34/536] cat-running-shoes new-balance-fresh-foam-x-1080-v13… READY (3620w, 13 secs)
[35/536] cat-running-shoes new-balance-fresh-foam-x-1080-v14… READY (3610w, 13 secs)
[36/536] cat-running-shoes new-balance-fresh-foam-x-860-v14… READY (3658w, 13 secs)
[37/536] cat-running-shoes new-balance-fresh-foam-x-hierro-v9… READY (3593w, 13 secs)
[38/536] cat-running-shoes new-balance-fuelcell-rebel-v4… READY (3419w, 13 secs)
[39/536] cat-running-shoes new-balance-fuelcell-rebel-v5… READY (3569w, 13 secs)
[40/536] cat-running-shoes new-balance-fuelcell-supercomp-elite-v4… READY (3577w, 13 secs)
[41/536] cat-running-shoes new-balance-fuelcell-supercomp-trainer-v3… READY (3599w, 13 secs)
[42/536] cat-running-shoes nike-invincible-3… READY (3467w, 13 secs)
[43/536] cat-running-shoes nike-pegasus-41… READY (3520w, 13 secs)
[44/536] cat-running-shoes nike-pegasus-trail-5… READY (3521w, 13 secs)
[45/536] cat-running-shoes nike-react-infinity-run-4… READY (3550w, 13 secs)
[46/536] cat-running-shoes nike-structure-26… READY (3498w, 13 secs)
[47/536] cat-running-shoes nike-structure-plus… READY (3572w, 13 secs)
[48/536] cat-running-shoes on-cloudmonster-2… READY (3414w, 13 secs)
[49/536] cat-running-shoes on-cloudmonster-hyper… READY (3481w, 13 secs)
[50/536] cat-running-shoes on-cloudsurfer-2… READY (3476w, 13 secs)
[51/536] cat-running-shoes on-cloudsurfer-next… READY (3460w, 13 secs)
[52/536] cat-running-shoes puma-deviate-nitro-3… READY (3539w, 13 secs)
[53/536] cat-running-shoes puma-magnify-nitro-2… READY (3587w, 13 secs)
[54/536] cat-running-shoes salomon-aero-glide-2… READY (3611w, 13 secs)
[55/536] cat-running-shoes salomon-genesis… READY (3496w, 13 secs)
[56/536] cat-running-shoes salomon-pulsar-trail-2… READY (3561w, 13 secs)
[57/536] cat-running-shoes salomon-sense-ride-5… READY (3557w, 13 secs)
[58/536] cat-running-shoes salomon-ultra-glide-2… READY (3558w, 13 secs)
[59/536] cat-running-shoes saucony-endorphin-pro-3… READY (3539w, 13 secs)
[60/536] cat-running-shoes saucony-endorphin-pro-4… READY (3536w, 13 secs)
[61/536] cat-running-shoes saucony-endorphin-speed-4… READY (3583w, 13 secs)
[62/536] cat-running-shoes saucony-guide-18… READY (3508w, 13 secs)
[63/536] cat-running-shoes saucony-peregrine-15… READY (3531w, 13 secs)
[64/536] cat-running-shoes saucony-ride-18… READY (3498w, 13 secs)
[65/536] cat-running-shoes saucony-triumph-22… READY (3516w, 13 secs)
[66/536] cat-running-shoes saucony-xodus-ultra-3… READY (3501w, 13 secs)
[67/536] cat-running-shoes topo-athletic-phantom-3… READY (3498w, 13 secs)
[68/536] cat-running-shoes topo-athletic-specter-2… READY (3514w, 13 secs)
[69/536] cat-running-shoes topo-athletic-terraventure-5… READY (3567w, 13 secs)
[70/536] cat-gps-watches apple-watch-ultra-2… READY (2650w, 9 secs)
[71/536] cat-gps-watches coros-apex-2-pro… READY (2569w, 9 secs)
[72/536] cat-gps-watches coros-pace-pro… READY (2572w, 9 secs)
[73/536] cat-gps-watches garmin-forerunner-165… READY (2524w, 9 secs)
[74/536] cat-gps-watches garmin-forerunner-255… READY (2431w, 9 secs)
[75/536] cat-gps-watches garmin-forerunner-265… READY (2540w, 9 secs)
[76/536] cat-gps-watches garmin-forerunner-55… READY (2497w, 9 secs)
[77/536] cat-gps-watches garmin-forerunner-570… READY (2611w, 9 secs)
[78/536] cat-gps-watches garmin-forerunner-965… READY (2439w, 9 secs)
[79/536] cat-gps-watches polar-pacer-pro… READY (2527w, 9 secs)
[80/536] cat-gps-watches polar-vantage-v3… READY (2515w, 9 secs)
[81/536] cat-gps-watches suunto-race… READY (2508w, 9 secs)
[82/536] cat-gps-watches suunto-race-s… READY (2520w, 9 secs)
[83/536] cat-hrm coros-heart-rate-monitor… READY (2611w, 9 secs)
[84/536] cat-hrm garmin-hrm-200… READY (2631w, 9 secs)
[85/536] cat-hrm garmin-hrm-fit… READY (2582w, 9 secs)
[86/536] cat-hrm garmin-hrm-pro-plus… READY (2590w, 9 secs)
[87/536] cat-hrm polar-h9… READY (2654w, 9 secs)
[88/536] cat-hrm scosche-rhythm24… READY (2665w, 9 secs)
[89/536] cat-hrm suunto-smart-heart-rate-belt… READY (2602w, 9 secs)
[90/536] cat-hrm wahoo-tickr… READY (2498w, 9 secs)
[91/536] cat-hrm wahoo-tickr-fit… READY (2636w, 9 secs)
[92/536] cat-hrm wahoo-tickr-x… READY (2514w, 9 secs)
[93/536] cat-hrm wahoo-trackr… READY (2675w, 9 secs)
[94/536] cat-packs-vests black-diamond-distance-15… READY (3040w, 10 secs)
[95/536] cat-packs-vests black-diamond-distance-22… READY (2973w, 10 secs)
[96/536] cat-packs-vests black-diamond-distance-8… READY (2912w, 10 secs)
[97/536] cat-packs-vests camelbak-apex-pro… READY (3041w, 10 secs)
[98/536] cat-packs-vests camelbak-circuit-run-vest… READY (2945w, 10 secs)
[99/536] cat-packs-vests camelbak-zephyr… READY (2777w, 10 secs)
[100/536] cat-packs-vests compressport-ultrun-s-pack… READY (2944w, 10 secs)
[101/536] cat-packs-vests nathan-pinnacle-12… READY (3009w, 10 secs)
[102/536] cat-packs-vests nathan-vaporair-2… READY (2779w, 10 secs)
[103/536] cat-packs-vests nathan-vaporair-4… READY (3046w, 10 secs)
[104/536] cat-packs-vests nathan-zippered-stash… READY (2992w, 10 secs)
[105/536] cat-packs-vests nnormal-race-vest… READY (2879w, 10 secs)
[106/536] cat-packs-vests on-ultra-vest-pro… READY (2971w, 10 secs)
[107/536] cat-packs-vests osprey-duro-6… READY (2812w, 10 secs)
[108/536] cat-packs-vests osprey-duro-lt… READY (2973w, 10 secs)
[109/536] cat-packs-vests osprey-dyna-6… READY (2750w, 10 secs)
[110/536] cat-packs-vests osprey-dyna-lt… READY (2949w, 10 secs)
[111/536] cat-packs-vests osprey-talon-velocity-20… READY (2936w, 10 secs)
[112/536] cat-packs-vests osprey-talon-velocity-30… READY (3060w, 10 secs)
[113/536] cat-packs-vests osprey-tempest-velocity-20… READY (2998w, 10 secs)
[114/536] cat-packs-vests salomon-adv-skin-12… READY (2863w, 10 secs)
[115/536] cat-packs-vests salomon-adv-skin-5… READY (3072w, 10 secs)
[116/536] cat-packs-vests ultimate-direction-adventure-vest… READY (2866w, 10 secs)
[117/536] cat-packs-vests ultimate-direction-fastpack-20… READY (3004w, 10 secs)
[118/536] cat-packs-vests ultimate-direction-fastpack-30… READY (2976w, 10 secs)
[119/536] cat-packs-vests ultimate-direction-fastpack-her-20… READY (2955w, 10 secs)
[120/536] cat-packs-vests ultimate-direction-race-vest-6… READY (2994w, 10 secs)
[121/536] cat-packs-vests ultimate-direction-utility-bag… READY (2959w, 10 secs)
[122/536] cat-packs-vests ultraspire-alpha-6… READY (2980w, 10 secs)
[123/536] cat-packs-vests uswe-pace-8… READY (2903w, 10 secs)
[124/536] cat-running-socks balega-blister-resist… READY (2895w, 10 secs)
[125/536] cat-running-socks balega-hidden-comfort… READY (2764w, 10 secs)
[126/536] cat-running-socks cep-run-compression-sock-3… READY (2713w, 10 secs)
[127/536] cat-running-socks darn-tough-run-1-4… READY (2884w, 10 secs)
[128/536] cat-running-socks drymax-run-lite-mesh… READY (2891w, 10 secs)
[129/536] cat-running-socks feetures-elite-light-cushion… READY (2760w, 10 secs)
[130/536] cat-running-socks injinji-run-midweight… READY (2735w, 10 secs)
[131/536] cat-running-socks smartwool-run-targeted-cushion… READY (2896w, 10 secs)
[132/536] cat-running-socks swiftwick-aspire-four… READY (2956w, 10 secs)
[133/536] cat-running-socks wrightsock-coolmesh-ii… READY (2878w, 10 secs)
[134/536] cat-headphones apple-airpods-pro-2… READY (2757w, 10 secs)
[135/536] cat-headphones beats-fit-pro… READY (2891w, 10 secs)
[136/536] cat-headphones bose-ultra-open-earbuds… READY (2778w, 10 secs)
[137/536] cat-headphones shokz-openfit-2… READY (2895w, 10 secs)
[138/536] cat-headphones shokz-openrun… READY (2934w, 10 secs)
[139/536] cat-headphones shokz-openrun-pro-2… READY (2726w, 10 secs)
[140/536] cat-headphones soundcore-aerofit-2… READY (2876w, 10 secs)
[141/536] cat-headphones soundcore-sport-x20… READY (2896w, 10 secs)
[142/536] cat-headphones suunto-wing… READY (2855w, 10 secs)
[143/536] cat-running-clothing adidas-own-the-run-short-men… READY (2914w, 10 secs)
[144/536] cat-running-clothing adidas-own-the-run-tee-men… READY (2921w, 10 secs)
[145/536] cat-running-clothing asics-core-split-short… READY (2738w, 10 secs)
[146/536] cat-running-clothing brooks-canopy-jacket-men… READY (2847w, 10 secs)
[147/536] cat-running-clothing brooks-chaser-5-women… READY (2924w, 10 secs)
[148/536] cat-running-clothing brooks-method-tight-women… READY (2891w, 10 secs)
[149/536] cat-running-clothing brooks-notch-thermal-beanie… READY (2822w, 10 secs)
[150/536] cat-running-clothing brooks-notch-thermal-men… READY (2922w, 10 secs)
[151/536] cat-running-clothing brooks-sherpa-7-men… READY (2886w, 10 secs)
[152/536] cat-running-clothing buff-coolnet-uv… READY (2854w, 10 secs)
[153/536] cat-running-clothing buff-merino-lightweight… READY (2867w, 10 secs)
[154/536] cat-running-clothing buff-original… READY (2729w, 10 secs)
[155/536] cat-running-clothing buff-polar… READY (2868w, 10 secs)
[156/536] cat-running-clothing ciele-gocap-athletics… READY (2845w, 10 secs)
[157/536] cat-running-clothing craft-active-extreme-x-men… READY (2913w, 10 secs)
[158/536] cat-running-clothing craft-adv-essence-light-wind-men… READY (2857w, 10 secs)
[159/536] cat-running-clothing craft-adv-essence-light-wind-vest-men… READY (2903w, 10 secs)
[160/536] cat-running-clothing craft-adv-essence-short… READY (2719w, 10 secs)
[161/536] cat-running-clothing craft-adv-essence-tight-men… READY (2847w, 10 secs)
[162/536] cat-running-clothing craft-adv-lumen-glove… READY (2884w, 10 secs)
[163/536] cat-running-clothing janji-multi-short-men… READY (2901w, 10 secs)
[164/536] cat-running-clothing janji-pace-short-women… READY (2944w, 10 secs)
[165/536] cat-running-clothing janji-rainrunner-men… READY (2844w, 10 secs)
[166/536] cat-running-clothing janji-run-tee-men… READY (2812w, 10 secs)
[167/536] cat-running-clothing nb-rc-essential-short-men… READY (2907w, 10 secs)
[168/536] cat-running-clothing nike-aerobill-cap… READY (2902w, 10 secs)
[169/536] cat-running-clothing nike-aeroswift-singlet-men… READY (2792w, 10 secs)
[170/536] cat-running-clothing nike-dri-fit-miler-men… READY (2845w, 10 secs)
[171/536] cat-running-clothing nike-dri-fit-miler-women… READY (2831w, 10 secs)
[172/536] cat-running-clothing nike-dri-fit-stride-short… READY (2742w, 10 secs)
[173/536] cat-running-clothing nike-fast-tight-men… READY (2870w, 10 secs)
[174/536] cat-running-clothing nike-impossibly-light-men… READY (2936w, 10 secs)
[175/536] cat-running-clothing nike-swoosh-medium-support… READY (2918w, 10 secs)
[176/536] cat-running-clothing nike-therma-fit-glove… READY (2803w, 10 secs)
[177/536] cat-running-clothing odlo-active-warm-eco-bottom-men… READY (2952w, 10 secs)
[178/536] cat-running-clothing odlo-active-warm-eco-men… READY (2908w, 10 secs)
[179/536] cat-running-clothing on-performance-short-men… READY (2923w, 10 secs)
[180/536] cat-running-clothing on-performance-tight-women… READY (2772w, 10 secs)
[181/536] cat-running-clothing on-weather-jacket-men… READY (2832w, 10 secs)
[182/536] cat-running-clothing patagonia-capilene-cool-daily-men… READY (2845w, 10 secs)
[183/536] cat-running-clothing patagonia-capilene-midweight-zip-men… READY (2784w, 10 secs)
[184/536] cat-running-clothing patagonia-capilene-thermal-crew-men… READY (2957w, 10 secs)
[185/536] cat-running-clothing patagonia-endless-run-tight-women… READY (2876w, 10 secs)
[186/536] cat-running-clothing patagonia-houdini-men… READY (2824w, 10 secs)
[187/536] cat-running-clothing patagonia-nano-puff-vest-men… READY (2931w, 10 secs)
[188/536] cat-running-clothing patagonia-strider-pro-men… READY (2892w, 10 secs)
[189/536] cat-running-clothing patagonia-trailfarer-short-women… READY (2864w, 10 secs)
[190/536] cat-running-clothing rabbit-fuel-n-fly-men… READY (2963w, 10 secs)
[191/536] cat-running-clothing salomon-bonatti-wp-men… READY (2896w, 10 secs)
[192/536] cat-running-clothing salomon-bonatti-wp-women… READY (2846w, 10 secs)
[193/536] cat-running-clothing smartwool-thermal-merino-glove… READY (2797w, 10 secs)
[194/536] cat-running-clothing tracksmith-brighton-ls-men… READY (2908w, 10 secs)
[195/536] cat-running-clothing tracksmith-session-short-men… READY (2948w, 10 secs)
[196/536] cat-running-clothing tracksmith-session-short-women… READY (2868w, 10 secs)
[197/536] cat-running-clothing tracksmith-turnover-tight-women… READY (2863w, 10 secs)
[198/536] cat-running-clothing tracksmith-twilight-half-men… READY (2939w, 10 secs)
[199/536] cat-running-clothing tracksmith-van-cortlandt-tee-men… READY (2976w, 10 secs)
[200/536] cat-sunglasses 100-percent-s3… READY (2830w, 10 secs)
[201/536] cat-sunglasses goodr-circle-gs… READY (2822w, 10 secs)
[202/536] cat-sunglasses goodr-ogs… READY (2692w, 10 secs)
[203/536] cat-sunglasses julbo-aerolite… READY (2683w, 10 secs)
[204/536] cat-sunglasses julbo-rush… READY (2813w, 10 secs)
[205/536] cat-sunglasses julbo-ultimate… READY (2793w, 10 secs)
[206/536] cat-sunglasses oakley-encoder… READY (2648w, 10 secs)
[207/536] cat-sunglasses oakley-flak-2-0-xl… READY (2865w, 10 secs)
[208/536] cat-sunglasses oakley-kato… READY (2743w, 10 secs)
[209/536] cat-sunglasses oakley-radar-ev-path… READY (2936w, 10 secs)
[210/536] cat-sunglasses oakley-sutro-lite… READY (2861w, 10 secs)
[211/536] cat-sunglasses roka-phantom-air… READY (2879w, 10 secs)
[212/536] cat-sunglasses rudy-project-cutline… READY (2826w, 10 secs)
[213/536] cat-sunglasses smith-attack-mag… READY (2846w, 10 secs)
[214/536] cat-sunglasses smith-shift-mag… READY (2907w, 10 secs)
[215/536] cat-sunglasses tifosi-rail… READY (2970w, 10 secs)
[216/536] cat-sunglasses tifosi-vogel… READY (2771w, 10 secs)
[217/536] cat-running-lights biolite-headlamp-800-pro… READY (3021w, 10 secs)
[218/536] cat-running-lights black-diamond-distance-1500… READY (3049w, 10 secs)
[219/536] cat-running-lights black-diamond-spot-400-r… READY (2748w, 10 secs)
[220/536] cat-running-lights nitecore-nu43… READY (2949w, 10 secs)
[221/536] cat-running-lights petzl-nao-rl… READY (3103w, 10 secs)
[222/536] cat-running-lights petzl-swift-rl… READY (2698w, 10 secs)
[223/536] cat-running-lights silva-trail-runner-free-2… READY (2814w, 10 secs)
[224/536] cat-nutrition 226ers-high-energy-gel… READY (3073w, 10 secs)
[225/536] cat-nutrition clif-bar-original… READY (2856w, 10 secs)
[226/536] cat-nutrition clif-bloks-energy-chews… READY (3028w, 10 secs)
[227/536] cat-nutrition enervit-c2-1-carbo-gel… READY (2966w, 10 secs)
[228/536] cat-nutrition gu-energy-chews… READY (2924w, 10 secs)
[229/536] cat-nutrition gu-energy-gel… READY (2954w, 10 secs)
[230/536] cat-nutrition gu-roctane-gel… READY (2968w, 10 secs)
[231/536] cat-nutrition high5-energy-gel… READY (2942w, 10 secs)
[232/536] cat-nutrition high5-zero… READY (2785w, 10 secs)
[233/536] cat-nutrition honey-stinger-organic-energy-gel… READY (3014w, 10 secs)
[234/536] cat-nutrition huma-gel-original… READY (2962w, 10 secs)
[235/536] cat-nutrition maurten-drink-mix-160… READY (2946w, 10 secs)
[236/536] cat-nutrition maurten-drink-mix-320… READY (3023w, 10 secs)
[237/536] cat-nutrition maurten-gel-100… READY (3083w, 10 secs)
[238/536] cat-nutrition maurten-gel-100-caf-100… READY (2998w, 10 secs)
[239/536] cat-nutrition maurten-gel-160… READY (2994w, 10 secs)
[240/536] cat-nutrition naak-ultra-energy-bar… READY (2996w, 10 secs)
[241/536] cat-nutrition naak-ultra-energy-drink-mix… READY (2952w, 10 secs)
[242/536] cat-nutrition neversecond-c30-gel… READY (2955w, 10 secs)
[243/536] cat-nutrition neversecond-c30-sports-drink… READY (3075w, 10 secs)
[244/536] cat-nutrition nuun-sport… READY (2911w, 10 secs)
[245/536] cat-nutrition powerbar-energize… READY (2820w, 10 secs)
[246/536] cat-nutrition precision-pf30-drink-mix… READY (3037w, 10 secs)
[247/536] cat-nutrition precision-pf30-gel… READY (3066w, 10 secs)
[248/536] cat-nutrition precision-ph1500… READY (2971w, 10 secs)
[249/536] cat-nutrition saltstick-caps… READY (2892w, 10 secs)
[250/536] cat-nutrition saltstick-fastchews… READY (2951w, 10 secs)
[251/536] cat-nutrition sis-beta-fuel-drink… READY (2997w, 10 secs)
[252/536] cat-nutrition sis-beta-fuel-gel… READY (3023w, 10 secs)
[253/536] cat-nutrition sis-go-isotonic-gel… READY (3019w, 10 secs)
[254/536] cat-nutrition skratch-sport-energy-chews… READY (2935w, 10 secs)
[255/536] cat-nutrition skratch-sport-hydration-mix… READY (2982w, 10 secs)
[256/536] cat-nutrition spring-energy-awesome-sauce… READY (2892w, 10 secs)
[257/536] cat-nutrition styrkr-gel30… READY (2887w, 10 secs)
[258/536] cat-nutrition styrkr-mix90… READY (2945w, 10 secs)
[259/536] cat-nutrition tailwind-endurance-fuel… READY (2995w, 10 secs)
[260/536] cat-nutrition veloforte-energy-bar… READY (2919w, 10 secs)
[261/536] cat-nutrition veloforte-energy-chews… READY (2925w, 10 secs)
[262/536] cat-accessories 2toms-sportshield… READY (2873w, 10 secs)
[263/536] cat-accessories body-glide-original… READY (2908w, 10 secs)
[264/536] cat-accessories squirrels-nut-butter… READY (2804w, 10 secs)
[265/536] cat-safety amphipod-vizlet-led… READY (3000w, 10 secs)
[266/536] cat-safety amphipod-xinglet… READY (2925w, 10 secs)
[267/536] cat-safety amphipod-xinglet-optic-beam… READY (2968w, 10 secs)
[268/536] cat-safety nathan-streak-reflective-vest… READY (2809w, 10 secs)
[269/536] cat-safety proviz-reflect360-running-vest… READY (2977w, 10 secs)
[270/536] cat-training-shoes adidas-adipower-weightlifting-2… READY (2983w, 10 secs)
[271/536] cat-training-shoes adidas-adipower-weightlifting-3… READY (2916w, 10 secs)
[272/536] cat-tennis-shoes adidas-barricade-13… READY (2741w, 10 secs)
[273/536] cat-tennis-shoes adidas-courtjam-control-3… READY (2754w, 10 secs)
[274/536] cat-padel-shoes adidas-courtquick-padel-women… READY (2728w, 10 secs)
[275/536] cat-padel-shoes adidas-courtstabil-padel… READY (2681w, 10 secs)
[276/536] cat-padel-shoes adidas-crazyquick-boost-padel… READY (2726w, 10 secs)
[277/536] cat-padel-shoes adidas-crazyquick-boost-padel-women… READY (2784w, 10 secs)
[278/536] cat-training-shoes adidas-dropset-2… READY (2997w, 10 secs)
[279/536] cat-training-shoes adidas-dropset-3… READY (2856w, 10 secs)
[280/536] cat-padel-rackets adidas-metalbone-2026… READY (2750w, 10 secs)
[281/536] cat-padel-rackets adidas-metalbone-hrd-2026… READY (2716w, 10 secs)
[282/536] cat-training-shoes adidas-powerlift-5… READY (2898w, 10 secs)
[283/536] cat-training-shoes adidas-rapidmove-adv… READY (2918w, 10 secs)
[284/536] cat-tennis-shoes adidas-solematch-control-2… READY (2764w, 10 secs)
[285/536] cat-training-shoes adidas-the-total… READY (2947w, 10 secs)
[286/536] cat-running-belts amphipod-airflow-lite-belt… READY (2810w, 10 secs)
[287/536] cat-hydration amphipod-hydraform-ergo-lite-handheld… READY (2988w, 10 secs)
[288/536] cat-padel-shoes asics-game-ff-padel… READY (2745w, 10 secs)
[289/536] cat-tennis-shoes asics-gel-challenger-15… READY (2743w, 10 secs)
[290/536] cat-padel-shoes asics-gel-challenger-court… READY (2680w, 10 secs)
[291/536] cat-tennis-shoes asics-gel-dedicate-8… READY (2699w, 10 secs)
[292/536] cat-padel-shoes asics-gel-dedicate-8-padel… READY (2713w, 10 secs)
[293/536] cat-training-shoes asics-gel-quantum-360-8… READY (3030w, 10 secs)
[294/536] cat-tennis-shoes asics-gel-resolution-9… READY (2656w, 10 secs)
[295/536] cat-tennis-shoes asics-gel-resolution-9-clay… READY (2688w, 10 secs)
[296/536] cat-padel-shoes asics-gel-resolution-padel… READY (2693w, 10 secs)
[297/536] cat-tennis-shoes asics-solution-speed-ff-3… READY (2767w, 10 secs)
[298/536] cat-padel-shoes asics-solution-swift-ff2-padel… READY (2789w, 10 secs)
[299/536] cat-air-bikes assaultbike-classic… READY (2689w, 10 secs)
[300/536] cat-air-bikes assaultbike-elite… READY (2715w, 10 secs)
[301/536] cat-treadmills assaultrunner-elite… READY (2707w, 10 secs)
[302/536] cat-treadmills assaultrunner-pro… READY (2759w, 10 secs)
[303/536] cat-weight-plates atx-cast-iron-plate-set… READY (3039w, 10 secs)
[304/536] cat-weight-benches atx-fid-bench… READY (2735w, 10 secs)
[305/536] cat-padel-rackets babolat-counter-viper-2026… READY (2645w, 10 secs)
[306/536] cat-tennis-shoes babolat-jet-mach-3… READY (2736w, 10 secs)
[307/536] cat-padel-shoes babolat-jet-premura… READY (2701w, 10 secs)
[308/536] cat-padel-shoes babolat-movea-2… READY (2763w, 10 secs)
[309/536] cat-tennis-rackets babolat-pure-aero-2023… READY (2694w, 10 secs)
[310/536] cat-tennis-rackets babolat-pure-aero-2026… READY (2849w, 10 secs)
[311/536] cat-tennis-rackets babolat-pure-drive-2025… READY (2720w, 10 secs)
[312/536] cat-tennis-rackets babolat-pure-drive-gen11… READY (2846w, 10 secs)
[313/536] cat-padel-shoes babolat-sensa-women… READY (2756w, 10 secs)
[314/536] cat-padel-rackets babolat-technical-viper-2026… READY (2746w, 10 secs)
[315/536] cat-padel-rackets black-crown-special-one-soft… READY (2748w, 10 secs)
[316/536] cat-lifting-accessories blackroll-ball… READY (2913w, 10 secs)
[317/536] cat-lifting-accessories blackroll-duoball… READY (2871w, 10 secs)
[318/536] cat-lifting-accessories blackroll-med… READY (2881w, 10 secs)
[319/536] cat-recovery-gear blackroll-pro… READY (2869w, 10 secs)
[320/536] cat-lifting-accessories blackroll-standard… READY (2834w, 10 secs)
[321/536] cat-adjustable-dumbbells bowflex-selecttech-1090… READY (2718w, 10 secs)
[322/536] cat-adjustable-dumbbells bowflex-selecttech-552… READY (2743w, 10 secs)
[323/536] cat-recovery-gear brazyn-morph… READY (2859w, 10 secs)
[324/536] cat-padel-rackets bullpadel-hack-03… READY (2703w, 10 secs)
[325/536] cat-padel-rackets bullpadel-hack-04-2026… READY (2738w, 10 secs)
[326/536] cat-padel-shoes bullpadel-hybrid-fly… READY (2664w, 10 secs)
[327/536] cat-padel-shoes bullpadel-ionic-woman… READY (2739w, 10 secs)
[328/536] cat-padel-rackets bullpadel-vertex-04… READY (2748w, 10 secs)
[329/536] cat-padel-rackets bullpadel-vertex-05-2026… READY (2764w, 10 secs)
[330/536] cat-hydration camelbak-crux-15… READY (2884w, 10 secs)
[331/536] cat-hydration camelbak-quick-grip-chill… READY (2921w, 10 secs)
[332/536] cat-recovery-gear cep-calf-sleeves-3… READY (2801w, 10 secs)
[333/536] cat-recovery-gear cep-the-run-calf-sleeves… READY (2958w, 10 secs)
[334/536] cat-running-belts compressport-free-belt-pro… READY (2879w, 10 secs)
[335/536] cat-air-bikes concept2-bikeerg… READY (2623w, 10 secs)
[336/536] cat-rowing-machines concept2-rowerg… READY (2853w, 10 secs)
[337/536] cat-rowing-machines concept2-rowerg-dynamic… READY (2884w, 10 secs)
[338/536] cat-ski-ergs concept2-skierg… READY (2909w, 10 secs)
[339/536] cat-ski-ergs concept2-skierg-floor-stand… READY (3040w, 10 secs)
[340/536] cat-ski-ergs concept2-skierg-with-stand… READY (2858w, 10 secs)
[341/536] cat-training-shoes do-win-classic… READY (2923w, 10 secs)
[342/536] cat-padel-rackets drop-shot-canyon-pro-2026… READY (2673w, 10 secs)
[343/536] cat-tennis-rackets dunlop-cx-200… READY (2722w, 10 secs)
[344/536] cat-kettlebells eleiko-kettlebell… READY (2743w, 10 secs)
[345/536] cat-barbells eleiko-performance-weightlifting-bar… READY (2881w, 10 secs)
[346/536] cat-weight-plates eleiko-sport-bumper-set… READY (3012w, 10 secs)
[347/536] cat-lifting-accessories eleiko-sport-collars… READY (2853w, 10 secs)
[348/536] cat-barbells eleiko-xf-bar… READY (2881w, 10 secs)
[349/536] cat-running-belts fitletic-fully-loaded… READY (2955w, 10 secs)
[350/536] cat-running-belts flipbelt-classic… READY (2698w, 10 secs)
[351/536] cat-gymnastic-rings gornation-gymnastic-rings… READY (2786w, 10 secs)
[352/536] cat-parallettes gornation-parallettes-pro… READY (2746w, 10 secs)
[353/536] cat-pull-up-bars gornation-premium-pull-up-bar… READY (2915w, 10 secs)
[354/536] cat-gymnastic-rings gravity-fitness-gymnastic-rings… READY (2682w, 10 secs)
[355/536] cat-parallettes gravity-fitness-parallettes… READY (2797w, 10 secs)
[356/536] cat-pull-up-bars gravity-fitness-pull-up-station… READY (2889w, 10 secs)
[357/536] cat-weighted-vests gravity-fitness-weighted-vest… READY (2683w, 10 secs)
[358/536] cat-padel-rackets head-coello-pro-2026… READY (2655w, 10 secs)
[359/536] cat-padel-rackets head-extreme-motion-2026… READY (2819w, 10 secs)
[360/536] cat-padel-rackets head-extreme-pro-padel-2026… READY (2667w, 10 secs)
[361/536] cat-padel-balls head-padel-pro-s-balls… NEEDS_RESEARCH (ineligible)
[362/536] cat-tennis-rackets head-radical-mp-2023… READY (2708w, 10 secs)
[363/536] cat-padel-shoes head-revolt-pro-court… READY (2760w, 10 secs)
[364/536] cat-tennis-rackets head-speed-mp-2024… READY (2728w, 10 secs)
[365/536] cat-tennis-rackets head-speed-mp-2026… READY (2793w, 10 secs)
[366/536] cat-padel-shoes head-sprint-pro-4-padel… READY (2892w, 10 secs)
[367/536] cat-training-shoes hoka-transport… READY (3017w, 10 secs)
[368/536] cat-treadmills horizon-t202-treadmill… READY (2737w, 10 secs)
[369/536] cat-hydration hydrapak-contour-2l… READY (2970w, 10 secs)
[370/536] cat-hydration hydrapak-skyflask-speed-500… READY (2913w, 10 secs)
[371/536] cat-hydration hydrapak-softflask-250… READY (2899w, 10 secs)
[372/536] cat-hydration hydrapak-softflask-500… READY (2754w, 10 secs)
[373/536] cat-hydration hydrapak-softflask-speed-500… READY (2936w, 10 secs)
[374/536] cat-hydration hydrapak-tube-kit… READY (2905w, 10 secs)
[375/536] cat-rowing-machines hydrow-wave… READY (2786w, 10 secs)
[376/536] cat-recovery-gear hyperice-hypervolt-2… READY (2899w, 10 secs)
[377/536] cat-recovery-gear hyperice-hypervolt-go-2… READY (2731w, 10 secs)
[378/536] cat-recovery-gear hyperice-normatec-3… READY (2885w, 10 secs)
[379/536] cat-recovery-gear hyperice-normatec-go… READY (2809w, 10 secs)
[380/536] cat-recovery-gear hyperice-vyper-3… READY (2877w, 10 secs)
[381/536] cat-training-shoes inov8-f-lite-235-v3… READY (2926w, 10 secs)
[382/536] cat-training-shoes inov8-f-lite-260… READY (2974w, 10 secs)
[383/536] cat-training-shoes inov8-fastlift-360… READY (2885w, 10 secs)
[384/536] cat-training-shoes inov8-fastlift-400… READY (2940w, 10 secs)
[385/536] cat-training-shoes inov8-fastlift-power-g-380… READY (2970w, 10 secs)
[386/536] cat-padel-shoes joma-slam-lady… READY (2702w, 10 secs)
[387/536] cat-padel-shoes joma-spin-men… READY (2779w, 10 secs)
[388/536] cat-padel-shoes joma-t-slam… READY (2702w, 10 secs)
[389/536] cat-tennis-shoes k-swiss-hypercourt-express-2… READY (2691w, 10 secs)
[390/536] cat-tennis-shoes k-swiss-ultrashot-3… READY (2678w, 10 secs)
[391/536] cat-running-belts kiprun-running-belt… READY (2815w, 10 secs)
[392/536] cat-padel-rackets kuikma-pr-soft-500… READY (2665w, 10 secs)
[393/536] cat-padel-shoes kuikma-ps-990… READY (2718w, 10 secs)
[394/536] cat-padel-rackets lok-maxx-flow… READY (2746w, 10 secs)
[395/536] cat-training-shoes lululemon-strongfeel… READY (2880w, 10 secs)
[396/536] cat-air-bikes mirafit-air-bike… READY (2713w, 10 secs)
[397/536] cat-functional-fitness mirafit-battle-rope… READY (2668w, 10 secs)
[398/536] cat-weight-plates mirafit-bumper-plate-set… READY (3009w, 10 secs)
[399/536] cat-kettlebells mirafit-cast-iron-kettlebell… READY (2869w, 10 secs)
[400/536] cat-weight-benches mirafit-fid-adjustable-bench… READY (2799w, 10 secs)
[401/536] cat-rowing-machines mirafit-folding-rower… READY (2755w, 10 secs)
[402/536] cat-treadmills mirafit-folding-treadmill… READY (2727w, 10 secs)
[403/536] cat-gym-flooring mirafit-gym-mats… READY (2775w, 10 secs)
[404/536] cat-power-racks mirafit-m3-power-rack… READY (2796w, 10 secs)
[405/536] cat-power-racks mirafit-m4-cage… READY (2796w, 10 secs)
[406/536] cat-rowing-machines mirafit-magnetic-rower… READY (2889w, 10 secs)
[407/536] cat-barbells mirafit-olympic-barbell… READY (2813w, 10 secs)
[408/536] cat-pull-up-bars mirafit-wall-pull-up-bar… READY (2909w, 10 secs)
[409/536] cat-weighted-vests mirafit-weighted-vest… READY (2710w, 10 secs)
[410/536] cat-running-belts naked-running-band… READY (2848w, 10 secs)
[411/536] cat-hydration nathan-exoshot-2… READY (2679w, 10 secs)
[412/536] cat-running-belts nathan-mirage-pak… READY (2650w, 10 secs)
[413/536] cat-running-belts nathan-peak-hydration-waist-pack… READY (2841w, 10 secs)
[414/536] cat-hydration nathan-softflask-18oz… READY (2892w, 10 secs)
[415/536] cat-hydration nathan-speeddraw-plus-insulated-18oz… READY (3001w, 10 secs)
[416/536] cat-running-belts nathan-zipster-lite… READY (2982w, 10 secs)
[417/536] cat-training-shoes nb-minimus-tr… READY (2952w, 10 secs)
[418/536] cat-tennis-shoes nike-court-vapor-pro-3… READY (2857w, 10 secs)
[419/536] cat-training-shoes nike-free-metcon-6… READY (2855w, 10 secs)
[420/536] cat-training-shoes nike-metcon-8… READY (2820w, 10 secs)
[421/536] cat-training-shoes nike-metcon-9… READY (2956w, 10 secs)
[422/536] cat-training-shoes nike-romaleos-4… READY (2991w, 10 secs)
[423/536] cat-training-shoes nike-romaleos-5… READY (2887w, 10 secs)
[424/536] cat-training-shoes nike-savaleos… READY (2934w, 10 secs)
[425/536] cat-training-shoes nobull-outwork… READY (2934w, 10 secs)
[426/536] cat-training-shoes nobull-trainer… READY (2905w, 10 secs)
[427/536] cat-training-shoes nobull-trainer-plus… READY (2691w, 10 secs)
[428/536] cat-padel-rackets nox-at10-genius-12k-alum-xtrem-2026… READY (2871w, 10 secs)
[429/536] cat-padel-rackets nox-at10-genius-18k-2026… READY (2815w, 10 secs)
[430/536] cat-padel-shoes nox-at10-lux… READY (2709w, 10 secs)
[431/536] cat-padel-shoes nox-ml10-hexa… READY (2760w, 10 secs)
[432/536] cat-padel-rackets nox-ml10-pro-cup-2026… READY (2728w, 10 secs)
[433/536] cat-adjustable-dumbbells nuobell-50… READY (2715w, 10 secs)
[434/536] cat-adjustable-dumbbells nuobell-80… READY (2720w, 10 secs)
[435/536] cat-recovery-gear oofos-oolala… READY (2788w, 10 secs)
[436/536] cat-recovery-gear oofos-ooriginal… READY (2735w, 10 secs)
[437/536] cat-hydration osprey-hydraulics-lt-15… READY (2948w, 10 secs)
[438/536] cat-padel-rackets oxdog-sense-pro… READY (2728w, 10 secs)
[439/536] cat-adjustable-dumbbells powerblock-elite-exp-90… READY (2757w, 10 secs)
[440/536] cat-adjustable-dumbbells powerblock-pro-series-100… READY (2685w, 10 secs)
[441/536] cat-adjustable-dumbbells powerblock-pro-series-50… READY (2679w, 10 secs)
[442/536] cat-tennis-rackets prince-textreme-tour-100p… READY (2677w, 10 secs)
[443/536] cat-pull-up-bars pullup-and-dip-doorway-bar… READY (2839w, 10 secs)
[444/536] cat-parallettes pullup-and-dip-parallettes… READY (2766w, 10 secs)
[445/536] cat-pull-up-bars pullup-and-dip-wall-bar… READY (2892w, 10 secs)
[446/536] cat-training-shoes puma-fuse-3… READY (2699w, 10 secs)
[447/536] cat-training-shoes puma-fuse-fasted… READY (2993w, 10 secs)
[448/536] cat-training-shoes reebok-legacy-lifter-iii… READY (2912w, 10 secs)
[449/536] cat-training-shoes reebok-lifter-pr-iii… READY (2928w, 10 secs)
[450/536] cat-training-shoes reebok-nano-court… READY (2911w, 10 secs)
[451/536] cat-training-shoes reebok-nano-x3… READY (2843w, 10 secs)
[452/536] cat-training-shoes reebok-nano-x4… READY (2823w, 10 secs)
[453/536] cat-weight-benches rep-ab-5000-zero-gap… READY (2798w, 10 secs)
[454/536] cat-weight-benches rep-ab-5200… READY (2652w, 10 secs)
[455/536] cat-power-racks rep-apollo-athlon-rack… READY (2781w, 10 secs)
[456/536] cat-weight-plates rep-black-bumper-plate-set… READY (2955w, 10 secs)
[457/536] cat-gym-storage rep-bumper-plate-storage… READY (2798w, 10 secs)
[458/536] cat-barbells rep-colorado-bar… READY (2872w, 10 secs)
[459/536] cat-weight-benches rep-fb-5000-flat-bench… READY (2717w, 10 secs)
[460/536] cat-kettlebells rep-fitness-kettlebell… READY (2799w, 10 secs)
[461/536] cat-power-racks rep-pr-4000… READY (2761w, 10 secs)
[462/536] cat-power-racks rep-pr-5000… READY (2708w, 10 secs)
[463/536] cat-adjustable-dumbbells rep-quickdraw-adjustable-dumbbells… READY (2753w, 10 secs)
[464/536] cat-functional-fitness rep-slam-ball… READY (2693w, 10 secs)
[465/536] cat-weight-benches rogue-adjustable-bench-3-0… READY (2769w, 10 secs)
[466/536] cat-functional-fitness rogue-dog-sled… READY (2682w, 10 secs)
[467/536] cat-air-bikes rogue-echo-bike… READY (2696w, 10 secs)
[468/536] cat-weight-plates rogue-echo-bumper-plate-set… READY (2917w, 10 secs)
[469/536] cat-kettlebells rogue-echo-kettlebell… READY (2861w, 10 secs)
[470/536] cat-weight-benches rogue-flat-utility-bench… READY (2727w, 10 secs)
[471/536] cat-gym-flooring rogue-flogging-horse-stall-mat-note… READY (2771w, 10 secs)
[472/536] cat-kettlebells rogue-kettlebell… READY (2830w, 10 secs)
[473/536] cat-pull-up-bars rogue-monster-lite-pull-up-bar… READY (3004w, 10 secs)
[474/536] cat-barbells rogue-ohio-bar… READY (2902w, 10 secs)
[475/536] cat-barbells rogue-ohio-power-bar… READY (2911w, 10 secs)
[476/536] cat-weighted-vests rogue-plate-carrier-vest… READY (2822w, 10 secs)
[477/536] cat-gym-storage rogue-plate-tree… READY (2764w, 10 secs)
[478/536] cat-power-racks rogue-rm-4-monster-rack… READY (2735w, 10 secs)
[479/536] cat-power-racks rogue-rml-390f… READY (2685w, 10 secs)
[480/536] cat-functional-fitness rogue-sandbag… READY (2695w, 10 secs)
[481/536] cat-power-racks rogue-sm-2c-monster-lite… READY (2777w, 10 secs)
[482/536] cat-functional-fitness rogue-wall-ball… READY (2684w, 10 secs)
[483/536] cat-lifting-accessories rogue-wrist-wraps… READY (2937w, 10 secs)
[484/536] cat-padel-rackets royal-padel-m27-poly-2026… READY (2784w, 10 secs)
[485/536] cat-training-shoes salming-rebel… READY (2900w, 10 secs)
[486/536] cat-running-belts salomon-pulse-belt… READY (2924w, 10 secs)
[487/536] cat-hydration salomon-soft-flask-500… READY (2825w, 10 secs)
[488/536] cat-hydration salomon-soft-flask-speed-500… READY (3014w, 10 secs)
[489/536] cat-hydration salomon-soft-reservoir-15… READY (2937w, 10 secs)
[490/536] cat-air-bikes schwinn-airdyne-ad8… READY (2682w, 10 secs)
[491/536] cat-padel-rackets siux-diablo-revolution-2026… READY (2657w, 10 secs)
[492/536] cat-ski-ergs skierg2-wall-mount… READY (2650w, 10 secs)
[493/536] cat-treadmills sole-f80-treadmill… READY (2683w, 10 secs)
[494/536] cat-running-belts spibelt-original… READY (2630w, 10 secs)
[495/536] cat-padel-rackets starvie-basalto-osiris-2026… READY (2666w, 10 secs)
[496/536] cat-padel-rackets starvie-titania-kepler-2026… READY (2688w, 10 secs)
[497/536] cat-tennis-rackets tecnifibre-tf40-305… READY (2725w, 10 secs)
[498/536] cat-tennis-rackets tecnifibre-tfight-300s-2025… READY (2794w, 10 secs)
[499/536] cat-padel-rackets tecnifibre-wall-breaker-365… READY (2733w, 10 secs)
[500/536] cat-recovery-gear therabody-theragun-mini-2… READY (2658w, 10 secs)
[501/536] cat-recovery-gear therabody-theragun-prime… READY (2928w, 10 secs)
[502/536] cat-recovery-gear therabody-theragun-pro… READY (2894w, 10 secs)
[503/536] cat-recovery-gear triggerpoint-grid-travel… READY (2808w, 10 secs)
[504/536] cat-recovery-gear triggerpoint-grid-x… READY (2878w, 10 secs)
[505/536] cat-training-shoes tyr-cxt-1… READY (2744w, 10 secs)
[506/536] cat-training-shoes tyr-cxt-2… READY (2891w, 10 secs)
[507/536] cat-training-shoes tyr-cxt1-trainer… READY (2714w, 10 secs)
[508/536] cat-training-shoes ua-charged-commit-4… READY (3022w, 10 secs)
[509/536] cat-training-shoes ua-project-rock-bsr-4… READY (3087w, 10 secs)
[510/536] cat-training-shoes ua-reign-lifter… READY (2930w, 10 secs)
[511/536] cat-training-shoes ua-tribase-reign-6… READY (2977w, 10 secs)
[512/536] cat-hydration ultimate-direction-body-bottle-500… READY (3004w, 10 secs)
[513/536] cat-running-belts ultimate-direction-race-belt… READY (2922w, 10 secs)
[514/536] cat-running-belts ultimate-direction-ultra-belt… READY (2866w, 10 secs)
[515/536] cat-running-belts ultraspire-fitted-race-belt-2… READY (2844w, 10 secs)
[516/536] cat-padel-rackets varlion-lw-carbon-difusor-2026… READY (2687w, 10 secs)
[517/536] cat-training-shoes vivobarefoot-primus-lite-iii… READY (2984w, 10 secs)
[518/536] cat-rowing-machines waterrower-a1… READY (2856w, 10 secs)
[519/536] cat-padel-rackets wilson-bela-pro-v2-2026… NEEDS_RESEARCH (ineligible)
[520/536] cat-tennis-rackets wilson-blade-100-v9… READY (2830w, 10 secs)
[521/536] cat-tennis-rackets wilson-blade-98-v8… READY (2835w, 10 secs)
[522/536] cat-tennis-rackets wilson-blade-98-v9… READY (2823w, 10 secs)
[523/536] cat-padel-rackets wilson-blade-pro-v2-padel-2026… READY (2758w, 10 secs)
[524/536] cat-tennis-rackets wilson-clash-100-v2… READY (2676w, 10 secs)
[525/536] cat-tennis-rackets wilson-clash-100-v3… READY (2802w, 10 secs)
[526/536] cat-padel-grips wilson-padel-overgrip-pack… NEEDS_RESEARCH (ineligible)
[527/536] cat-tennis-shoes wilson-rush-pro-4-0… READY (2731w, 10 secs)
[528/536] cat-padel-shoes wilson-rush-pro-5-padel… READY (2751w, 10 secs)
[529/536] cat-tennis-shoes wilson-rush-pro-ace… READY (2753w, 10 secs)
[530/536] cat-treadmills woodway-curve-trainer… READY (2666w, 10 secs)
[531/536] cat-ski-ergs xebex-ski-erg… READY (2862w, 10 secs)
[532/536] cat-training-shoes xero-prio… READY (2939w, 10 secs)
[533/536] cat-tennis-rackets yonex-ezone-100-2025… READY (2811w, 10 secs)
[534/536] cat-tennis-rackets yonex-ezone-98-2024… READY (2730w, 10 secs)
[535/536] cat-tennis-rackets yonex-vcore-100-2023… READY (2717w, 10 secs)
[536/536] cat-tennis-rackets yonex-vcore-98-2026… READY (2833w, 10 secs)

Wrote 533 reviews → /Users/LMeyeridricks/Documents/coding/kitletics/src/content/reviews-unique-rewrite.json
{
  "generatedAt": "2026-09-09T18:44:43.807Z",
  "dryRun": false,
  "candidates": 536,
  "rewrittenThisRun": 533,
  "mergedTotal": 533,
  "needsResearch": 3,
  "byOutcome": {
    "READY": 533,
    "NEEDS_RESEARCH": 3
  },
  "byCategory": {
    "cat-running-shoes": {
      "total": 69,
      "READY": 69,
      "NEEDS_RESEARCH": 0,
      "ERROR": 0
    },
    "cat-gps-watches": {
      "total": 13,
      "READY": 13,
      "NEEDS_RESEARCH": 0,
      "ERROR": 0
    },
    "cat-hrm": {
      "total": 11,
      "READY": 11,
      "NEEDS_RESEARCH": 0,
      "ERROR": 0
    },
    "cat-packs-vests": {
      "total": 30,
      "READY": 30,
      "NEEDS_RESEARCH": 0,
      "ERROR": 0
    },
    "cat-running-socks": {
      "total": 10,
      "READY": 10,
      "NEEDS_RESEARCH": 0,
      "ERROR": 0
    },
    "cat-headphones": {
      "total": 9,
      "READY": 9,
      "NEEDS_RESEARCH": 0,
      "ERROR": 0
    },
    "cat-running-clothing": {
      "total": 57,
      "READY": 57,
      "NEEDS_RESEARCH": 0,
      "ERROR": 0
    },
    "cat-sunglasses": {
      "total": 17,
      "READY": 17,
      "NEEDS_RESEARCH": 0,
      "ERROR": 0
    },
    "cat-running-lights": {
      "total": 7,
      "READY": 7,
      "NEEDS_RESEARCH": 0,
      "ERROR": 0
    },
    "cat-nutrition": {
      "total": 38,
      "READY": 38,
      "NEEDS_RESEARCH": 0,
      "ERROR": 0
    },
    "cat-accessories": {
      "total": 3,
      "READY": 3,
      "NEEDS_RESEARCH": 0,
      "ERROR": 0
    },
    "cat-safety": {
      "total": 5,
      "READY": 5,
      "NEEDS_RESEARCH": 0,
      "ERROR": 0
    },
    "cat-training-shoes": {
      "total": 43,
      "READY": 43,
      "NEEDS_RESEARCH": 0,
      "ERROR": 0
    },
    "cat-tennis-shoes": {
      "total": 14,
      "READY": 14,
      "NEEDS_RESEARCH": 0,
      "ERROR": 0
    },
    "cat-padel-shoes": {
      "total": 23,
      "READY": 23,
      "NEEDS_RESEARCH": 0,
      "ERROR": 0
    },
    "cat-padel-rackets": {
      "total": 27,
      "READY": 26,
      "NEEDS_RESEARCH": 1,
      "ERROR": 0
    },
    "cat-running-belts": {
      "total": 14,
      "READY": 14,
      "NEEDS_RESEARCH": 0,
      "ERROR": 0
    },
    "cat-hydration": {
      "total": 17,
      "READY": 17,
      "NEEDS_RESEARCH": 0,
      "ERROR": 0
    },
    "cat-air-bikes": {
      "total": 6,
      "READY": 6,
      "NEEDS_RESEARCH": 0,
      "ERROR": 0
    },
    "cat-treadmills": {
      "total": 6,
      "READY": 6,
      "NEEDS_RESEARCH": 0,
      "ERROR": 0
    },
    "cat-weight-plates": {
      "total": 5,
      "READY": 5,
      "NEEDS_RESEARCH": 0,
      "ERROR": 0
    },
    "cat-weight-benches": {
      "total": 7,
      "READY": 7,
      "NEEDS_RESEARCH": 0,
      "ERROR": 0
    },
    "cat-tennis-rackets": {
      "total": 20,
      "READY": 20,
      "NEEDS_RESEARCH": 0,
      "ERROR": 0
    },
    "cat-lifting-accessories": {
      "total": 6,
      "READY": 6,
      "NEEDS_RESEARCH": 0,
      "ERROR": 0
    },
    "cat-recovery-gear": {
      "total": 16,
      "READY": 16,
      "NEEDS_RESEARCH": 0,
      "ERROR": 0
    },
    "cat-adjustable-dumbbells": {
      "total": 8,
      "READY": 8,
      "NEEDS_RESEARCH": 0,
      "ERROR": 0
    },
    "cat-rowing-machines": {
      "total": 6,
      "READY": 6,
      "NEEDS_RESEARCH": 0,
      "ERROR": 0
    },
    "cat-ski-ergs": {
      "total": 5,
      "READY": 5,
      "NEEDS_RESEARCH": 0,
      "ERROR": 0
    },
    "cat-kettlebells": {
      "total": 5,
      "READY": 5,
      "NEEDS_RESEARCH": 0,
      "ERROR": 0
    },
    "cat-barbells": {
      "total": 6,
      "READY": 6,
      "NEEDS_RESEARCH": 0,
      "ERROR": 0
    },
    "cat-gymnastic-rings": {
      "total": 2,
      "READY": 2,
      "NEEDS_RESEARCH": 0,
      "ERROR": 0
    },
    "cat-parallettes": {
      "total": 3,
      "READY": 3,
      "NEEDS_RESEARCH": 0,
      "ERROR": 0
    },
    "cat-pull-up-bars": {
      "total": 6,
      "READY": 6,
      "NEEDS_RESEARCH": 0,
      "ERROR": 0
    },
    "cat-weighted-vests": {
      "total": 3,
      "READY": 3,
      "NEEDS_RESEARCH": 0,
      "ERROR": 0
    },
    "cat-padel-balls": {
      "total": 1,
      "READY": 0,
      "NEEDS_RESEARCH": 1,
      "ERROR": 0
    },
    "cat-functional-fitness": {
      "total": 5,
      "READY": 5,
      "NEEDS_RESEARCH": 0,
      "ERROR": 0
    },
    "cat-gym-flooring": {
      "total": 2,
      "READY": 2,
      "NEEDS_RESEARCH": 0,
      "ERROR": 0
    },
    "cat-power-racks": {
      "total": 8,
      "READY": 8,
      "NEEDS_RESEARCH": 0,
      "ERROR": 0
    },
    "cat-gym-storage": {
      "total": 2,
      "READY": 2,
      "NEEDS_RESEARCH": 0,
      "ERROR": 0
    },
    "cat-padel-grips": {
      "total": 1,
      "READY": 0,
      "NEEDS_RESEARCH": 1,
      "ERROR": 0
    }
  }
}
