[1/547] cat-running-shoes adidas-adizero-adios-pro-4… READY (4345w, 13 secs)
[2/547] cat-running-shoes adidas-adizero-boston-12… READY (4514w, 13 secs)
[3/547] cat-running-shoes adidas-adizero-boston-13… READY (4320w, 13 secs)
[4/547] cat-running-shoes adidas-adizero-evo-sl… READY (4319w, 13 secs)
[5/547] cat-running-shoes adidas-terrex-agravic-3… READY (4419w, 13 secs)
[6/547] cat-running-shoes adidas-ultraboost-5… READY (4441w, 13 secs)
[7/547] cat-running-shoes altra-escalante-4… READY (4370w, 13 secs)
[8/547] cat-running-shoes altra-experience-flow… READY (4429w, 13 secs)
[9/547] cat-running-shoes altra-lone-peak-8… READY (4466w, 13 secs)
[10/547] cat-running-shoes altra-paradigm-7… READY (4378w, 13 secs)
[11/547] cat-running-shoes altra-torin-8… READY (4403w, 13 secs)
[12/547] cat-running-shoes asics-gel-cumulus-27… READY (4323w, 13 secs)
[13/547] cat-running-shoes asics-gel-nimbus-27… READY (4399w, 13 secs)
[14/547] cat-running-shoes asics-gel-trabuco-13… READY (4387w, 13 secs)
[15/547] cat-running-shoes asics-gt-1000-13… READY (4323w, 13 secs)
[16/547] cat-running-shoes asics-gt-2000-14… READY (4382w, 13 secs)
[17/547] cat-running-shoes asics-metaspeed-sky-paris… READY (4413w, 13 secs)
[18/547] cat-running-shoes asics-novablast-4… READY (4424w, 13 secs)
[19/547] cat-running-shoes asics-novablast-6… READY (4304w, 13 secs)
[20/547] cat-running-shoes brooks-cascadia-18… READY (4329w, 13 secs)
[21/547] cat-running-shoes brooks-ghost-16… READY (4332w, 13 secs)
[22/547] cat-running-shoes brooks-glycerin-21… READY (4379w, 13 secs)
[23/547] cat-running-shoes brooks-glycerin-gts-22… READY (4324w, 13 secs)
[24/547] cat-running-shoes brooks-hyperion-max-2… READY (4406w, 13 secs)
[25/547] cat-running-shoes hoka-arahi-7… READY (4479w, 13 secs)
[26/547] cat-running-shoes hoka-bondi-8… READY (4486w, 13 secs)
[27/547] cat-running-shoes hoka-clifton-9… READY (4370w, 13 secs)
[28/547] cat-running-shoes hoka-clifton-pro… READY (4477w, 13 secs)
[29/547] cat-running-shoes hoka-gaviota-5… READY (4348w, 13 secs)
[30/547] cat-running-shoes hoka-mach-6… READY (4240w, 13 secs)
[31/547] cat-running-shoes inov8-trailfly-ultra-g-300-max… READY (4419w, 13 secs)
[32/547] cat-running-shoes mizuno-wave-rebellion-pro-3… READY (4309w, 13 secs)
[33/547] cat-running-shoes mizuno-wave-rider-28… READY (4327w, 13 secs)
[34/547] cat-running-shoes new-balance-fresh-foam-x-1080-v13… READY (4682w, 13 secs)
[35/547] cat-running-shoes new-balance-fresh-foam-x-1080-v14… READY (4316w, 13 secs)
[36/547] cat-running-shoes new-balance-fresh-foam-x-860-v14… READY (4547w, 13 secs)
[37/547] cat-running-shoes new-balance-fresh-foam-x-hierro-v9… READY (4282w, 13 secs)
[38/547] cat-running-shoes new-balance-fuelcell-rebel-v4… READY (4405w, 13 secs)
[39/547] cat-running-shoes new-balance-fuelcell-rebel-v5… READY (4299w, 13 secs)
[40/547] cat-running-shoes new-balance-fuelcell-supercomp-elite-v4… READY (4397w, 13 secs)
[41/547] cat-running-shoes new-balance-fuelcell-supercomp-trainer-v3… READY (4474w, 13 secs)
[42/547] cat-running-shoes nike-invincible-3… READY (4401w, 13 secs)
[43/547] cat-running-shoes nike-pegasus-41… READY (4386w, 13 secs)
[44/547] cat-running-shoes nike-pegasus-trail-5… READY (4346w, 13 secs)
[45/547] cat-running-shoes nike-react-infinity-run-4… READY (4331w, 13 secs)
[46/547] cat-running-shoes nike-structure-26… READY (4446w, 13 secs)
[47/547] cat-running-shoes nike-structure-plus… READY (4364w, 13 secs)
[48/547] cat-running-shoes on-cloudmonster-2… READY (4283w, 13 secs)
[49/547] cat-running-shoes on-cloudmonster-hyper… READY (4358w, 13 secs)
[50/547] cat-running-shoes on-cloudsurfer-2… READY (4377w, 13 secs)
[51/547] cat-running-shoes on-cloudsurfer-next… READY (4360w, 13 secs)
[52/547] cat-running-shoes puma-deviate-nitro-3… READY (4395w, 13 secs)
[53/547] cat-running-shoes puma-magnify-nitro-2… READY (4328w, 13 secs)
[54/547] cat-running-shoes salomon-aero-glide-2… READY (4449w, 13 secs)
[55/547] cat-running-shoes salomon-genesis… READY (4394w, 13 secs)
[56/547] cat-running-shoes salomon-pulsar-trail-2… READY (4311w, 13 secs)
[57/547] cat-running-shoes salomon-sense-ride-5… READY (4395w, 13 secs)
[58/547] cat-running-shoes salomon-ultra-glide-2… READY (4418w, 13 secs)
[59/547] cat-running-shoes saucony-endorphin-pro-3… READY (4481w, 13 secs)
[60/547] cat-running-shoes saucony-endorphin-pro-4… READY (4348w, 13 secs)
[61/547] cat-running-shoes saucony-endorphin-speed-4… READY (4530w, 13 secs)
[62/547] cat-running-shoes saucony-guide-18… READY (4403w, 13 secs)
[63/547] cat-running-shoes saucony-peregrine-15… READY (4434w, 13 secs)
[64/547] cat-running-shoes saucony-ride-18… READY (4225w, 13 secs)
[65/547] cat-running-shoes saucony-triumph-22… READY (4371w, 13 secs)
[66/547] cat-running-shoes saucony-xodus-ultra-3… READY (4359w, 13 secs)
[67/547] cat-running-shoes topo-athletic-phantom-3… READY (4310w, 13 secs)
[68/547] cat-running-shoes topo-athletic-specter-2… READY (4269w, 13 secs)
[69/547] cat-running-shoes topo-athletic-terraventure-5… READY (4498w, 13 secs)
[70/547] cat-gps-watches apple-watch-ultra-2… READY (3159w, 9 secs)
[71/547] cat-gps-watches coros-apex-2-pro… READY (3196w, 9 secs)
[72/547] cat-gps-watches coros-pace-pro… READY (3211w, 9 secs)
[73/547] cat-gps-watches garmin-forerunner-165… READY (3183w, 9 secs)
[74/547] cat-gps-watches garmin-forerunner-255… READY (3126w, 9 secs)
[75/547] cat-gps-watches garmin-forerunner-265… READY (3163w, 9 secs)
[76/547] cat-gps-watches garmin-forerunner-55… READY (3152w, 9 secs)
[77/547] cat-gps-watches garmin-forerunner-570… READY (3032w, 9 secs)
[78/547] cat-gps-watches garmin-forerunner-965… READY (3139w, 9 secs)
[79/547] cat-gps-watches polar-pacer-pro… READY (3308w, 9 secs)
[80/547] cat-gps-watches polar-vantage-v3… READY (3098w, 9 secs)
[81/547] cat-gps-watches suunto-race… READY (3180w, 9 secs)
[82/547] cat-gps-watches suunto-race-s… READY (3179w, 9 secs)
[83/547] cat-hrm coros-heart-rate-monitor… READY (3059w, 9 secs)
[84/547] cat-hrm garmin-hrm-200… READY (3179w, 9 secs)
[85/547] cat-hrm garmin-hrm-fit… READY (3220w, 9 secs)
[86/547] cat-hrm garmin-hrm-pro-plus… READY (3222w, 9 secs)
[87/547] cat-hrm polar-h9… READY (3114w, 9 secs)
[88/547] cat-hrm scosche-rhythm24… READY (3197w, 9 secs)
[89/547] cat-hrm suunto-smart-heart-rate-belt… READY (3198w, 9 secs)
[90/547] cat-hrm wahoo-tickr… READY (3174w, 9 secs)
[91/547] cat-hrm wahoo-tickr-fit… READY (3260w, 9 secs)
[92/547] cat-hrm wahoo-tickr-x… READY (3166w, 9 secs)
[93/547] cat-hrm wahoo-trackr… READY (3247w, 9 secs)
[94/547] cat-packs-vests black-diamond-distance-15… READY (3784w, 10 secs)
[95/547] cat-packs-vests black-diamond-distance-22… READY (3710w, 10 secs)
[96/547] cat-packs-vests black-diamond-distance-8… READY (3550w, 10 secs)
[97/547] cat-packs-vests camelbak-apex-pro… READY (3655w, 10 secs)
[98/547] cat-packs-vests camelbak-circuit-run-vest… READY (3570w, 10 secs)
[99/547] cat-packs-vests camelbak-zephyr… READY (3407w, 10 secs)
[100/547] cat-packs-vests camelbak-zephyr-pro… READY (3680w, 10 secs)
[101/547] cat-packs-vests compressport-ultrun-s-pack… READY (3563w, 10 secs)
[102/547] cat-packs-vests nathan-pinnacle-12… READY (3599w, 10 secs)
[103/547] cat-packs-vests nathan-vaporair-2… READY (3454w, 10 secs)
[104/547] cat-packs-vests nathan-vaporair-4… READY (3753w, 10 secs)
[105/547] cat-packs-vests nathan-zippered-stash… READY (3726w, 10 secs)
[106/547] cat-packs-vests nnormal-race-vest… READY (3640w, 10 secs)
[107/547] cat-packs-vests on-ultra-vest-pro… READY (3511w, 10 secs)
[108/547] cat-packs-vests osprey-duro-15… READY (3596w, 10 secs)
[109/547] cat-packs-vests osprey-duro-6… READY (3502w, 10 secs)
[110/547] cat-packs-vests osprey-duro-lt… READY (3641w, 10 secs)
[111/547] cat-packs-vests osprey-dyna-6… READY (3500w, 10 secs)
[112/547] cat-packs-vests osprey-dyna-lt… READY (3564w, 10 secs)
[113/547] cat-packs-vests osprey-talon-velocity-20… READY (3599w, 10 secs)
[114/547] cat-packs-vests osprey-talon-velocity-30… READY (3747w, 10 secs)
[115/547] cat-packs-vests osprey-tempest-velocity-20… READY (3859w, 10 secs)
[116/547] cat-packs-vests salomon-adv-skin-12… READY (3550w, 10 secs)
[117/547] cat-packs-vests salomon-adv-skin-5… READY (3810w, 10 secs)
[118/547] cat-packs-vests salomon-custom-quiver… READY (3612w, 10 secs)
[119/547] cat-packs-vests salomon-xa-15… READY (3677w, 10 secs)
[120/547] cat-packs-vests ultimate-direction-adventure-vest… READY (3510w, 10 secs)
[121/547] cat-packs-vests ultimate-direction-fastpack-20… READY (3693w, 10 secs)
[122/547] cat-packs-vests ultimate-direction-fastpack-30… READY (3706w, 10 secs)
[123/547] cat-packs-vests ultimate-direction-fastpack-her-20… READY (3697w, 10 secs)
[124/547] cat-packs-vests ultimate-direction-race-vest-6… READY (3745w, 10 secs)
[125/547] cat-packs-vests ultimate-direction-utility-bag… READY (3698w, 10 secs)
[126/547] cat-packs-vests ultraspire-alpha-6… READY (3666w, 10 secs)
[127/547] cat-packs-vests ultraspire-spry-5… READY (3502w, 10 secs)
[128/547] cat-packs-vests uswe-pace-8… READY (3601w, 10 secs)
[129/547] cat-running-socks balega-blister-resist… READY (3530w, 10 secs)
[130/547] cat-running-socks balega-hidden-comfort… READY (3468w, 10 secs)
[131/547] cat-running-socks cep-run-compression-sock-3… READY (3437w, 10 secs)
[132/547] cat-running-socks darn-tough-run-1-4… READY (3553w, 10 secs)
[133/547] cat-running-socks drymax-run-lite-mesh… READY (3577w, 10 secs)
[134/547] cat-running-socks feetures-elite-light-cushion… READY (3483w, 10 secs)
[135/547] cat-running-socks injinji-run-midweight… READY (3531w, 10 secs)
[136/547] cat-running-socks smartwool-run-targeted-cushion… READY (3641w, 10 secs)
[137/547] cat-running-socks swiftwick-aspire-four… READY (3549w, 10 secs)
[138/547] cat-running-socks wrightsock-coolmesh-ii… READY (3576w, 10 secs)
[139/547] cat-headphones apple-airpods-4… READY (3614w, 10 secs)
[140/547] cat-headphones apple-airpods-pro-2… READY (3542w, 10 secs)
[141/547] cat-headphones beats-fit-pro… READY (3566w, 10 secs)
[142/547] cat-headphones bose-ultra-open-earbuds… READY (3577w, 10 secs)
[143/547] cat-headphones shokz-opendots-one… READY (3570w, 10 secs)
[144/547] cat-headphones shokz-openfit-2… READY (3601w, 10 secs)
[145/547] cat-headphones shokz-openrun… READY (3579w, 10 secs)
[146/547] cat-headphones shokz-openrun-pro-2… READY (3438w, 10 secs)
[147/547] cat-headphones soundcore-aerofit-2… READY (3544w, 10 secs)
[148/547] cat-headphones soundcore-sport-x20… READY (3649w, 10 secs)
[149/547] cat-headphones suunto-wing… READY (3619w, 10 secs)
[150/547] cat-running-clothing adidas-own-the-run-short-men… READY (3524w, 10 secs)
[151/547] cat-running-clothing adidas-own-the-run-tee-men… READY (3524w, 10 secs)
[152/547] cat-running-clothing asics-core-split-short… READY (3472w, 10 secs)
[153/547] cat-running-clothing brooks-canopy-jacket-men… READY (3481w, 10 secs)
[154/547] cat-running-clothing brooks-chaser-5-women… READY (3691w, 10 secs)
[155/547] cat-running-clothing brooks-method-tight-women… READY (3545w, 10 secs)
[156/547] cat-running-clothing brooks-notch-thermal-beanie… READY (3421w, 10 secs)
[157/547] cat-running-clothing brooks-notch-thermal-men… READY (3668w, 10 secs)
[158/547] cat-running-clothing brooks-sherpa-7-men… READY (3597w, 10 secs)
[159/547] cat-running-clothing buff-coolnet-uv… READY (3437w, 10 secs)
[160/547] cat-running-clothing buff-merino-lightweight… READY (3539w, 10 secs)
[161/547] cat-running-clothing buff-original… READY (3560w, 10 secs)
[162/547] cat-running-clothing buff-polar… READY (3569w, 10 secs)
[163/547] cat-running-clothing ciele-gocap-athletics… READY (3555w, 10 secs)
[164/547] cat-running-clothing craft-active-extreme-x-men… READY (3487w, 10 secs)
[165/547] cat-running-clothing craft-adv-essence-light-wind-men… READY (3721w, 10 secs)
[166/547] cat-running-clothing craft-adv-essence-light-wind-vest-men… READY (3557w, 10 secs)
[167/547] cat-running-clothing craft-adv-essence-short… READY (3422w, 10 secs)
[168/547] cat-running-clothing craft-adv-essence-tight-men… READY (3453w, 10 secs)
[169/547] cat-running-clothing craft-adv-lumen-glove… READY (3595w, 10 secs)
[170/547] cat-running-clothing janji-multi-short-men… READY (3668w, 10 secs)
[171/547] cat-running-clothing janji-pace-short-women… READY (3690w, 10 secs)
[172/547] cat-running-clothing janji-rainrunner-men… READY (3510w, 10 secs)
[173/547] cat-running-clothing janji-run-tee-men… READY (3662w, 10 secs)
[174/547] cat-running-clothing nb-rc-essential-short-men… READY (3474w, 10 secs)
[175/547] cat-running-clothing nike-aerobill-cap… READY (3506w, 10 secs)
[176/547] cat-running-clothing nike-aeroswift-singlet-men… READY (3625w, 10 secs)
[177/547] cat-running-clothing nike-dri-fit-miler-men… READY (3521w, 10 secs)
[178/547] cat-running-clothing nike-dri-fit-miler-women… READY (3529w, 10 secs)
[179/547] cat-running-clothing nike-dri-fit-stride-short… READY (3434w, 10 secs)
[180/547] cat-running-clothing nike-fast-tight-men… READY (3529w, 10 secs)
[181/547] cat-running-clothing nike-impossibly-light-men… READY (3631w, 10 secs)
[182/547] cat-running-clothing nike-swoosh-medium-support… READY (3552w, 10 secs)
[183/547] cat-running-clothing nike-therma-fit-glove… READY (3628w, 10 secs)
[184/547] cat-running-clothing odlo-active-warm-eco-bottom-men… READY (3605w, 10 secs)
[185/547] cat-running-clothing odlo-active-warm-eco-men… READY (3510w, 10 secs)
[186/547] cat-running-clothing on-performance-short-men… READY (3545w, 10 secs)
[187/547] cat-running-clothing on-performance-tight-women… READY (3530w, 10 secs)
[188/547] cat-running-clothing on-weather-jacket-men… READY (3524w, 10 secs)
[189/547] cat-running-clothing patagonia-capilene-cool-daily-men… READY (3533w, 10 secs)
[190/547] cat-running-clothing patagonia-capilene-midweight-zip-men… READY (3490w, 10 secs)
[191/547] cat-running-clothing patagonia-capilene-thermal-crew-men… READY (3679w, 10 secs)
[192/547] cat-running-clothing patagonia-endless-run-tight-women… READY (3503w, 10 secs)
[193/547] cat-running-clothing patagonia-houdini-men… READY (3536w, 10 secs)
[194/547] cat-running-clothing patagonia-nano-puff-vest-men… READY (3539w, 10 secs)
[195/547] cat-running-clothing patagonia-strider-pro-men… READY (3515w, 10 secs)
[196/547] cat-running-clothing patagonia-trailfarer-short-women… READY (3518w, 10 secs)
[197/547] cat-running-clothing rabbit-fuel-n-fly-men… READY (3620w, 10 secs)
[198/547] cat-running-clothing salomon-bonatti-wp-men… READY (3613w, 10 secs)
[199/547] cat-running-clothing salomon-bonatti-wp-women… READY (3585w, 10 secs)
[200/547] cat-running-clothing smartwool-thermal-merino-glove… READY (3562w, 10 secs)
[201/547] cat-running-clothing tracksmith-brighton-ls-men… READY (3597w, 10 secs)
[202/547] cat-running-clothing tracksmith-session-short-men… READY (3600w, 10 secs)
[203/547] cat-running-clothing tracksmith-session-short-women… READY (3481w, 10 secs)
[204/547] cat-running-clothing tracksmith-turnover-tight-women… READY (3633w, 10 secs)
[205/547] cat-running-clothing tracksmith-twilight-half-men… READY (3593w, 10 secs)
[206/547] cat-running-clothing tracksmith-van-cortlandt-tee-men… READY (3580w, 10 secs)
[207/547] cat-sunglasses 100-percent-s3… READY (3564w, 10 secs)
[208/547] cat-sunglasses goodr-circle-gs… READY (3463w, 10 secs)
[209/547] cat-sunglasses goodr-ogs… READY (3394w, 10 secs)
[210/547] cat-sunglasses julbo-aerolite… READY (3407w, 10 secs)
[211/547] cat-sunglasses julbo-rush… READY (3510w, 10 secs)
[212/547] cat-sunglasses julbo-ultimate… READY (3493w, 10 secs)
[213/547] cat-sunglasses oakley-encoder… READY (3427w, 10 secs)
[214/547] cat-sunglasses oakley-flak-2-0-xl… READY (3565w, 10 secs)
[215/547] cat-sunglasses oakley-kato… READY (3409w, 10 secs)
[216/547] cat-sunglasses oakley-radar-ev-path… READY (3531w, 10 secs)
[217/547] cat-sunglasses oakley-sutro-lite… READY (3545w, 10 secs)
[218/547] cat-sunglasses roka-phantom-air… READY (3526w, 10 secs)
[219/547] cat-sunglasses rudy-project-cutline… READY (3414w, 10 secs)
[220/547] cat-sunglasses smith-attack-mag… READY (3503w, 10 secs)
[221/547] cat-sunglasses smith-shift-mag… READY (3560w, 10 secs)
[222/547] cat-sunglasses tifosi-rail… READY (3606w, 10 secs)
[223/547] cat-sunglasses tifosi-vogel… READY (3464w, 10 secs)
[224/547] cat-running-lights biolite-headlamp-800-pro… READY (3530w, 10 secs)
[225/547] cat-running-lights black-diamond-distance-1500… READY (3491w, 10 secs)
[226/547] cat-running-lights black-diamond-spot-400-r… READY (3461w, 10 secs)
[227/547] cat-running-lights ledlenser-neo9r… READY (3626w, 10 secs)
[228/547] cat-running-lights nitecore-nu43… READY (3660w, 10 secs)
[229/547] cat-running-lights petzl-actik-core… READY (3611w, 10 secs)
[230/547] cat-running-lights petzl-nao-rl… READY (3604w, 10 secs)
[231/547] cat-running-lights petzl-swift-rl… READY (3386w, 10 secs)
[232/547] cat-running-lights silva-trail-runner-free-2… READY (3482w, 10 secs)
[233/547] cat-nutrition 226ers-high-energy-gel… READY (3586w, 10 secs)
[234/547] cat-nutrition clif-bar-original… READY (3518w, 10 secs)
[235/547] cat-nutrition clif-bloks-energy-chews… READY (3803w, 10 secs)
[236/547] cat-nutrition enervit-c2-1-carbo-gel… READY (3713w, 10 secs)
[237/547] cat-nutrition gu-energy-chews… READY (3811w, 10 secs)
[238/547] cat-nutrition gu-energy-gel… READY (3674w, 10 secs)
[239/547] cat-nutrition gu-roctane-gel… READY (3652w, 10 secs)
[240/547] cat-nutrition high5-energy-gel… READY (3547w, 10 secs)
[241/547] cat-nutrition high5-zero… READY (3496w, 10 secs)
[242/547] cat-nutrition honey-stinger-organic-energy-gel… READY (3599w, 10 secs)
[243/547] cat-nutrition huma-gel-original… READY (3576w, 10 secs)
[244/547] cat-nutrition maurten-drink-mix-160… READY (3646w, 10 secs)
[245/547] cat-nutrition maurten-drink-mix-320… READY (3650w, 10 secs)
[246/547] cat-nutrition maurten-gel-100… READY (3657w, 10 secs)
[247/547] cat-nutrition maurten-gel-100-caf-100… READY (3699w, 10 secs)
[248/547] cat-nutrition maurten-gel-160… READY (3701w, 10 secs)
[249/547] cat-nutrition naak-ultra-energy-bar… READY (3633w, 10 secs)
[250/547] cat-nutrition naak-ultra-energy-drink-mix… READY (3608w, 10 secs)
[251/547] cat-nutrition neversecond-c30-gel… READY (3645w, 10 secs)
[252/547] cat-nutrition neversecond-c30-sports-drink… READY (3769w, 10 secs)
[253/547] cat-nutrition nuun-sport… READY (3512w, 10 secs)
[254/547] cat-nutrition powerbar-energize… READY (3415w, 10 secs)
[255/547] cat-nutrition precision-pf30-drink-mix… READY (3716w, 10 secs)
[256/547] cat-nutrition precision-pf30-gel… READY (3720w, 10 secs)
[257/547] cat-nutrition precision-ph1500… READY (3652w, 10 secs)
[258/547] cat-nutrition saltstick-caps… READY (3463w, 10 secs)
[259/547] cat-nutrition saltstick-fastchews… READY (3597w, 10 secs)
[260/547] cat-nutrition sis-beta-fuel-drink… READY (3821w, 10 secs)
[261/547] cat-nutrition sis-beta-fuel-gel… READY (3760w, 10 secs)
[262/547] cat-nutrition sis-go-isotonic-gel… READY (3784w, 10 secs)
[263/547] cat-nutrition skratch-sport-energy-chews… READY (3634w, 10 secs)
[264/547] cat-nutrition skratch-sport-hydration-mix… READY (3629w, 10 secs)
[265/547] cat-nutrition spring-energy-awesome-sauce… READY (3666w, 10 secs)
[266/547] cat-nutrition styrkr-gel30… READY (3447w, 10 secs)
[267/547] cat-nutrition styrkr-mix90… READY (3687w, 10 secs)
[268/547] cat-nutrition tailwind-endurance-fuel… READY (3556w, 10 secs)
[269/547] cat-nutrition veloforte-energy-bar… READY (3475w, 10 secs)
[270/547] cat-nutrition veloforte-energy-chews… READY (3629w, 10 secs)
[271/547] cat-accessories 2toms-sportshield… READY (3561w, 10 secs)
[272/547] cat-accessories body-glide-original… READY (3531w, 10 secs)
[273/547] cat-accessories squirrels-nut-butter… READY (3437w, 10 secs)
[274/547] cat-safety amphipod-vizlet-led… READY (3556w, 10 secs)
[275/547] cat-safety amphipod-xinglet… READY (3702w, 10 secs)
[276/547] cat-safety amphipod-xinglet-optic-beam… READY (3719w, 10 secs)
[277/547] cat-safety nathan-lightbender-rx… READY (3666w, 10 secs)
[278/547] cat-safety nathan-streak-reflective-vest… READY (3525w, 10 secs)
[279/547] cat-safety proviz-reflect360-running-vest… READY (3645w, 10 secs)
[280/547] cat-training-shoes adidas-adipower-weightlifting-2… READY (3626w, 10 secs)
[281/547] cat-training-shoes adidas-adipower-weightlifting-3… READY (3528w, 10 secs)
[282/547] cat-tennis-shoes adidas-barricade-13… READY (3418w, 10 secs)
[283/547] cat-tennis-shoes adidas-courtjam-control-3… READY (3548w, 10 secs)
[284/547] cat-padel-shoes adidas-courtquick-padel-women… READY (3468w, 10 secs)
[285/547] cat-padel-shoes adidas-courtstabil-padel… READY (3511w, 10 secs)
[286/547] cat-padel-shoes adidas-crazyquick-boost-padel… READY (3537w, 10 secs)
[287/547] cat-padel-shoes adidas-crazyquick-boost-padel-women… READY (3460w, 10 secs)
[288/547] cat-training-shoes adidas-dropset-2… READY (3646w, 10 secs)
[289/547] cat-training-shoes adidas-dropset-3… READY (3535w, 10 secs)
[290/547] cat-padel-rackets adidas-metalbone-2026… READY (3415w, 10 secs)
[291/547] cat-padel-rackets adidas-metalbone-hrd-2026… READY (3467w, 10 secs)
[292/547] cat-training-shoes adidas-powerlift-5… READY (3596w, 10 secs)
[293/547] cat-training-shoes adidas-rapidmove-adv… READY (3552w, 10 secs)
[294/547] cat-tennis-shoes adidas-solematch-control-2… READY (3441w, 10 secs)
[295/547] cat-training-shoes adidas-the-total… READY (3577w, 10 secs)
[296/547] cat-running-belts amphipod-airflow-lite-belt… READY (3444w, 10 secs)
[297/547] cat-hydration amphipod-hydraform-ergo-lite-handheld… READY (3679w, 10 secs)
[298/547] cat-padel-shoes asics-game-ff-padel… READY (3379w, 10 secs)
[299/547] cat-tennis-shoes asics-gel-challenger-15… READY (3480w, 10 secs)
[300/547] cat-padel-shoes asics-gel-challenger-court… READY (3546w, 10 secs)
[301/547] cat-tennis-shoes asics-gel-dedicate-8… READY (3629w, 10 secs)
[302/547] cat-padel-shoes asics-gel-dedicate-8-padel… READY (3432w, 10 secs)
[303/547] cat-training-shoes asics-gel-quantum-360-8… READY (3557w, 10 secs)
[304/547] cat-tennis-shoes asics-gel-resolution-9… READY (3402w, 10 secs)
[305/547] cat-tennis-shoes asics-gel-resolution-9-clay… READY (3457w, 10 secs)
[306/547] cat-padel-shoes asics-gel-resolution-padel… READY (3528w, 10 secs)
[307/547] cat-tennis-shoes asics-solution-speed-ff-3… READY (3393w, 10 secs)
[308/547] cat-padel-shoes asics-solution-swift-ff2-padel… READY (3348w, 10 secs)
[309/547] cat-air-bikes assaultbike-classic… READY (3416w, 10 secs)
[310/547] cat-air-bikes assaultbike-elite… READY (3559w, 10 secs)
[311/547] cat-treadmills assaultrunner-elite… READY (3425w, 10 secs)
[312/547] cat-treadmills assaultrunner-pro… READY (3387w, 10 secs)
[313/547] cat-weight-plates atx-cast-iron-plate-set… READY (3696w, 10 secs)
[314/547] cat-weight-benches atx-fid-bench… READY (3497w, 10 secs)
[315/547] cat-padel-rackets babolat-counter-viper-2026… READY (3600w, 10 secs)
[316/547] cat-tennis-shoes babolat-jet-mach-3… READY (3390w, 10 secs)
[317/547] cat-padel-shoes babolat-jet-premura… READY (3572w, 10 secs)
[318/547] cat-padel-shoes babolat-movea-2… READY (3453w, 10 secs)
[319/547] cat-tennis-rackets babolat-pure-aero-2023… READY (3510w, 10 secs)
[320/547] cat-tennis-rackets babolat-pure-aero-2026… READY (3506w, 10 secs)
[321/547] cat-tennis-rackets babolat-pure-drive-2025… READY (3434w, 10 secs)
[322/547] cat-tennis-rackets babolat-pure-drive-gen11… READY (3470w, 10 secs)
[323/547] cat-padel-shoes babolat-sensa-women… READY (3481w, 10 secs)
[324/547] cat-padel-rackets babolat-technical-viper-2026… READY (3501w, 10 secs)
[325/547] cat-padel-rackets black-crown-special-one-soft… READY (3369w, 10 secs)
[326/547] cat-lifting-accessories blackroll-ball… READY (3532w, 10 secs)
[327/547] cat-lifting-accessories blackroll-duoball… READY (3544w, 10 secs)
[328/547] cat-lifting-accessories blackroll-med… READY (3483w, 10 secs)
[329/547] cat-recovery-gear blackroll-pro… READY (3628w, 10 secs)
[330/547] cat-lifting-accessories blackroll-standard… READY (3575w, 10 secs)
[331/547] cat-adjustable-dumbbells bowflex-selecttech-1090… READY (3353w, 10 secs)
[332/547] cat-adjustable-dumbbells bowflex-selecttech-552… READY (3478w, 10 secs)
[333/547] cat-recovery-gear brazyn-morph… READY (3516w, 10 secs)
[334/547] cat-padel-rackets bullpadel-hack-03… READY (3426w, 10 secs)
[335/547] cat-padel-rackets bullpadel-hack-04-2026… READY (3424w, 10 secs)
[336/547] cat-padel-shoes bullpadel-hybrid-fly… READY (3519w, 10 secs)
[337/547] cat-padel-shoes bullpadel-ionic-woman… READY (3479w, 10 secs)
[338/547] cat-padel-rackets bullpadel-vertex-04… READY (3472w, 10 secs)
[339/547] cat-padel-rackets bullpadel-vertex-05-2026… READY (3403w, 10 secs)
[340/547] cat-hydration camelbak-crux-15… READY (3594w, 10 secs)
[341/547] cat-hydration camelbak-quick-grip-chill… READY (3707w, 10 secs)
[342/547] cat-recovery-gear cep-calf-sleeves-3… READY (3473w, 10 secs)
[343/547] cat-recovery-gear cep-the-run-calf-sleeves… READY (3594w, 10 secs)
[344/547] cat-running-belts compressport-free-belt-pro… READY (3462w, 10 secs)
[345/547] cat-air-bikes concept2-bikeerg… READY (3506w, 10 secs)
[346/547] cat-rowing-machines concept2-rowerg… READY (3485w, 10 secs)
[347/547] cat-rowing-machines concept2-rowerg-dynamic… READY (3520w, 10 secs)
[348/547] cat-ski-ergs concept2-skierg… READY (3563w, 10 secs)
[349/547] cat-ski-ergs concept2-skierg-floor-stand… READY (3442w, 10 secs)
[350/547] cat-ski-ergs concept2-skierg-with-stand… READY (3637w, 10 secs)
[351/547] cat-training-shoes do-win-classic… READY (3499w, 10 secs)
[352/547] cat-padel-rackets drop-shot-canyon-pro-2026… READY (3480w, 10 secs)
[353/547] cat-tennis-rackets dunlop-cx-200… READY (3381w, 10 secs)
[354/547] cat-kettlebells eleiko-kettlebell… READY (3572w, 10 secs)
[355/547] cat-barbells eleiko-performance-weightlifting-bar… READY (3525w, 10 secs)
[356/547] cat-weight-plates eleiko-sport-bumper-set… READY (3572w, 10 secs)
[357/547] cat-lifting-accessories eleiko-sport-collars… READY (3526w, 10 secs)
[358/547] cat-barbells eleiko-xf-bar… READY (3579w, 10 secs)
[359/547] cat-running-belts fitletic-fully-loaded… READY (3574w, 10 secs)
[360/547] cat-running-belts flipbelt-classic… READY (3460w, 10 secs)
[361/547] cat-gymnastic-rings gornation-gymnastic-rings… READY (3547w, 10 secs)
[362/547] cat-parallettes gornation-parallettes-pro… READY (3428w, 10 secs)
[363/547] cat-pull-up-bars gornation-premium-pull-up-bar… READY (3542w, 10 secs)
[364/547] cat-gymnastic-rings gravity-fitness-gymnastic-rings… READY (3508w, 10 secs)
[365/547] cat-parallettes gravity-fitness-parallettes… READY (3552w, 10 secs)
[366/547] cat-pull-up-bars gravity-fitness-pull-up-station… READY (3555w, 10 secs)
[367/547] cat-weighted-vests gravity-fitness-weighted-vest… READY (3599w, 10 secs)
[368/547] cat-padel-rackets head-coello-pro-2026… READY (3434w, 10 secs)
[369/547] cat-padel-rackets head-extreme-motion-2026… READY (3472w, 10 secs)
[370/547] cat-padel-rackets head-extreme-pro-padel-2026… READY (3428w, 10 secs)
[371/547] cat-padel-balls head-padel-pro-s-balls… NEEDS_RESEARCH (ineligible)
[372/547] cat-tennis-rackets head-radical-mp-2023… READY (3443w, 10 secs)
[373/547] cat-padel-shoes head-revolt-pro-court… READY (3570w, 10 secs)
[374/547] cat-tennis-rackets head-speed-mp-2024… READY (3424w, 10 secs)
[375/547] cat-tennis-rackets head-speed-mp-2026… READY (3373w, 10 secs)
[376/547] cat-padel-shoes head-sprint-pro-4-padel… READY (3407w, 10 secs)
[377/547] cat-training-shoes hoka-transport… READY (3499w, 10 secs)
[378/547] cat-treadmills horizon-t202-treadmill… READY (3426w, 10 secs)
[379/547] cat-hydration hydrapak-contour-2l… READY (3608w, 10 secs)
[380/547] cat-hydration hydrapak-skyflask-speed-500… READY (3566w, 10 secs)
[381/547] cat-hydration hydrapak-softflask-250… READY (3610w, 10 secs)
[382/547] cat-hydration hydrapak-softflask-500… READY (3435w, 10 secs)
[383/547] cat-hydration hydrapak-softflask-speed-500… READY (3548w, 10 secs)
[384/547] cat-hydration hydrapak-tube-kit… READY (3550w, 10 secs)
[385/547] cat-rowing-machines hydrow-wave… READY (3519w, 10 secs)
[386/547] cat-recovery-gear hyperice-hypervolt-2… READY (3561w, 10 secs)
[387/547] cat-recovery-gear hyperice-hypervolt-go-2… READY (3467w, 10 secs)
[388/547] cat-recovery-gear hyperice-normatec-3… READY (3437w, 10 secs)
[389/547] cat-recovery-gear hyperice-normatec-go… READY (3578w, 10 secs)
[390/547] cat-recovery-gear hyperice-vyper-3… READY (3601w, 10 secs)
[391/547] cat-training-shoes inov8-f-lite-235-v3… READY (3626w, 10 secs)
[392/547] cat-training-shoes inov8-f-lite-260… READY (3482w, 10 secs)
[393/547] cat-training-shoes inov8-fastlift-360… READY (3524w, 10 secs)
[394/547] cat-training-shoes inov8-fastlift-400… READY (3554w, 10 secs)
[395/547] cat-training-shoes inov8-fastlift-power-g-380… READY (3456w, 10 secs)
[396/547] cat-padel-shoes joma-slam-lady… READY (3550w, 10 secs)
[397/547] cat-padel-shoes joma-spin-men… READY (3478w, 10 secs)
[398/547] cat-padel-shoes joma-t-slam… READY (3510w, 10 secs)
[399/547] cat-tennis-shoes k-swiss-hypercourt-express-2… READY (3450w, 10 secs)
[400/547] cat-tennis-shoes k-swiss-ultrashot-3… READY (3507w, 10 secs)
[401/547] cat-running-belts kiprun-running-belt… READY (3452w, 10 secs)
[402/547] cat-padel-rackets kuikma-pr-soft-500… READY (3522w, 10 secs)
[403/547] cat-padel-shoes kuikma-ps-990… READY (3503w, 10 secs)
[404/547] cat-padel-rackets lok-maxx-flow… READY (3506w, 10 secs)
[405/547] cat-training-shoes lululemon-strongfeel… READY (3577w, 10 secs)
[406/547] cat-air-bikes mirafit-air-bike… READY (3427w, 10 secs)
[407/547] cat-functional-fitness mirafit-battle-rope… READY (3565w, 10 secs)
[408/547] cat-weight-plates mirafit-bumper-plate-set… READY (3718w, 10 secs)
[409/547] cat-kettlebells mirafit-cast-iron-kettlebell… READY (3529w, 10 secs)
[410/547] cat-weight-benches mirafit-fid-adjustable-bench… READY (3386w, 10 secs)
[411/547] cat-rowing-machines mirafit-folding-rower… READY (3480w, 10 secs)
[412/547] cat-treadmills mirafit-folding-treadmill… READY (3368w, 10 secs)
[413/547] cat-gym-flooring mirafit-gym-mats… READY (3666w, 10 secs)
[414/547] cat-power-racks mirafit-m3-power-rack… READY (3432w, 10 secs)
[415/547] cat-power-racks mirafit-m4-cage… READY (3513w, 10 secs)
[416/547] cat-rowing-machines mirafit-magnetic-rower… READY (3464w, 10 secs)
[417/547] cat-barbells mirafit-olympic-barbell… READY (3479w, 10 secs)
[418/547] cat-pull-up-bars mirafit-wall-pull-up-bar… READY (3460w, 10 secs)
[419/547] cat-weighted-vests mirafit-weighted-vest… READY (3406w, 10 secs)
[420/547] cat-running-belts naked-running-band… READY (3498w, 10 secs)
[421/547] cat-hydration nathan-exoshot-2… READY (3482w, 10 secs)
[422/547] cat-running-belts nathan-mirage-pak… READY (3461w, 10 secs)
[423/547] cat-running-belts nathan-peak-hydration-waist-pack… READY (3522w, 10 secs)
[424/547] cat-hydration nathan-softflask-18oz… READY (3612w, 10 secs)
[425/547] cat-hydration nathan-speeddraw-plus-insulated-18oz… READY (3543w, 10 secs)
[426/547] cat-running-belts nathan-zipster-lite… READY (3483w, 10 secs)
[427/547] cat-training-shoes nb-minimus-tr… READY (3461w, 10 secs)
[428/547] cat-tennis-shoes nike-court-vapor-pro-3… READY (3359w, 10 secs)
[429/547] cat-training-shoes nike-free-metcon-6… READY (3448w, 10 secs)
[430/547] cat-training-shoes nike-metcon-8… READY (3402w, 10 secs)
[431/547] cat-training-shoes nike-metcon-9… READY (3460w, 10 secs)
[432/547] cat-training-shoes nike-romaleos-4… READY (3518w, 10 secs)
[433/547] cat-training-shoes nike-romaleos-5… READY (3605w, 10 secs)
[434/547] cat-training-shoes nike-savaleos… READY (3518w, 10 secs)
[435/547] cat-training-shoes nobull-outwork… READY (3590w, 10 secs)
[436/547] cat-training-shoes nobull-trainer… READY (3553w, 10 secs)
[437/547] cat-training-shoes nobull-trainer-plus… READY (3480w, 10 secs)
[438/547] cat-padel-rackets nox-at10-genius-12k-alum-xtrem-2026… READY (3426w, 10 secs)
[439/547] cat-padel-rackets nox-at10-genius-18k-2026… READY (3395w, 10 secs)
[440/547] cat-padel-shoes nox-at10-lux… READY (3511w, 10 secs)
[441/547] cat-padel-shoes nox-ml10-hexa… READY (3529w, 10 secs)
[442/547] cat-padel-rackets nox-ml10-pro-cup-2026… READY (3444w, 10 secs)
[443/547] cat-adjustable-dumbbells nuobell-50… READY (3368w, 10 secs)
[444/547] cat-adjustable-dumbbells nuobell-80… READY (3435w, 10 secs)
[445/547] cat-recovery-gear oofos-oolala… READY (3507w, 10 secs)
[446/547] cat-recovery-gear oofos-ooriginal… READY (3427w, 10 secs)
[447/547] cat-hydration osprey-hydraulics-lt-15… READY (3536w, 10 secs)
[448/547] cat-padel-rackets oxdog-sense-pro… READY (3635w, 10 secs)
[449/547] cat-adjustable-dumbbells powerblock-elite-exp-90… READY (3498w, 10 secs)
[450/547] cat-adjustable-dumbbells powerblock-pro-series-100… READY (3494w, 10 secs)
[451/547] cat-adjustable-dumbbells powerblock-pro-series-50… READY (3566w, 10 secs)
[452/547] cat-tennis-rackets prince-textreme-tour-100p… READY (3430w, 10 secs)
[453/547] cat-pull-up-bars pullup-and-dip-doorway-bar… READY (3484w, 10 secs)
[454/547] cat-parallettes pullup-and-dip-parallettes… READY (3572w, 10 secs)
[455/547] cat-pull-up-bars pullup-and-dip-wall-bar… READY (3574w, 10 secs)
[456/547] cat-training-shoes puma-fuse-3… READY (3407w, 10 secs)
[457/547] cat-training-shoes puma-fuse-fasted… READY (3571w, 10 secs)
[458/547] cat-training-shoes reebok-legacy-lifter-iii… READY (3578w, 10 secs)
[459/547] cat-training-shoes reebok-lifter-pr-iii… READY (3539w, 10 secs)
[460/547] cat-training-shoes reebok-nano-court… READY (3572w, 10 secs)
[461/547] cat-training-shoes reebok-nano-x3… READY (3482w, 10 secs)
[462/547] cat-training-shoes reebok-nano-x4… READY (3618w, 10 secs)
[463/547] cat-weight-benches rep-ab-5000-zero-gap… READY (3420w, 10 secs)
[464/547] cat-weight-benches rep-ab-5200… READY (3520w, 10 secs)
[465/547] cat-power-racks rep-apollo-athlon-rack… READY (3506w, 10 secs)
[466/547] cat-weight-plates rep-black-bumper-plate-set… READY (3631w, 10 secs)
[467/547] cat-gym-storage rep-bumper-plate-storage… READY (3708w, 10 secs)
[468/547] cat-barbells rep-colorado-bar… READY (3559w, 10 secs)
[469/547] cat-weight-benches rep-fb-5000-flat-bench… READY (3388w, 10 secs)
[470/547] cat-kettlebells rep-fitness-kettlebell… READY (3476w, 10 secs)
[471/547] cat-power-racks rep-pr-4000… READY (3538w, 10 secs)
[472/547] cat-power-racks rep-pr-5000… READY (3492w, 10 secs)
[473/547] cat-adjustable-dumbbells rep-quickdraw-adjustable-dumbbells… READY (3374w, 10 secs)
[474/547] cat-functional-fitness rep-slam-ball… READY (3425w, 10 secs)
[475/547] cat-weight-benches rogue-adjustable-bench-3-0… READY (3496w, 10 secs)
[476/547] cat-functional-fitness rogue-dog-sled… READY (3377w, 10 secs)
[477/547] cat-air-bikes rogue-echo-bike… READY (3509w, 10 secs)
[478/547] cat-weight-plates rogue-echo-bumper-plate-set… READY (3497w, 10 secs)
[479/547] cat-kettlebells rogue-echo-kettlebell… READY (3482w, 10 secs)
[480/547] cat-weight-benches rogue-flat-utility-bench… READY (3583w, 10 secs)
[481/547] cat-gym-flooring rogue-flogging-horse-stall-mat-note… READY (3739w, 10 secs)
[482/547] cat-kettlebells rogue-kettlebell… READY (3536w, 10 secs)
[483/547] cat-pull-up-bars rogue-monster-lite-pull-up-bar… READY (3616w, 10 secs)
[484/547] cat-barbells rogue-ohio-bar… READY (3514w, 10 secs)
[485/547] cat-barbells rogue-ohio-power-bar… READY (3473w, 10 secs)
[486/547] cat-weighted-vests rogue-plate-carrier-vest… READY (3452w, 10 secs)
[487/547] cat-gym-storage rogue-plate-tree… READY (3603w, 10 secs)
[488/547] cat-power-racks rogue-rm-4-monster-rack… READY (3524w, 10 secs)
[489/547] cat-power-racks rogue-rml-390f… READY (3447w, 10 secs)
[490/547] cat-functional-fitness rogue-sandbag… READY (3461w, 10 secs)
[491/547] cat-power-racks rogue-sm-2c-monster-lite… READY (3422w, 10 secs)
[492/547] cat-functional-fitness rogue-wall-ball… READY (3447w, 10 secs)
[493/547] cat-lifting-accessories rogue-wrist-wraps… READY (3490w, 10 secs)
[494/547] cat-padel-rackets royal-padel-m27-poly-2026… READY (3397w, 10 secs)
[495/547] cat-training-shoes salming-race-9… READY (3598w, 10 secs)
[496/547] cat-training-shoes salming-rebel… READY (3445w, 10 secs)
[497/547] cat-running-belts salomon-pulse-belt… READY (3603w, 10 secs)
[498/547] cat-hydration salomon-soft-flask-500… READY (3484w, 10 secs)
[499/547] cat-hydration salomon-soft-flask-speed-500… READY (3712w, 10 secs)
[500/547] cat-hydration salomon-soft-reservoir-15… READY (3548w, 10 secs)
[501/547] cat-air-bikes schwinn-airdyne-ad8… READY (3525w, 10 secs)
[502/547] cat-padel-rackets siux-diablo-revolution-2026… READY (3472w, 10 secs)
[503/547] cat-ski-ergs skierg2-wall-mount… READY (3486w, 10 secs)
[504/547] cat-treadmills sole-f80-treadmill… READY (3475w, 10 secs)
[505/547] cat-running-belts spibelt-original… READY (3414w, 10 secs)
[506/547] cat-padel-rackets starvie-basalto-osiris-2026… READY (3472w, 10 secs)
[507/547] cat-padel-rackets starvie-titania-kepler-2026… READY (3475w, 10 secs)
[508/547] cat-tennis-rackets tecnifibre-tf40-305… READY (3427w, 10 secs)
[509/547] cat-tennis-rackets tecnifibre-tfight-300s-2025… READY (3377w, 10 secs)
[510/547] cat-padel-rackets tecnifibre-wall-breaker-365… READY (3442w, 10 secs)
[511/547] cat-recovery-gear therabody-theragun-mini-2… READY (3422w, 10 secs)
[512/547] cat-recovery-gear therabody-theragun-prime… READY (3525w, 10 secs)
[513/547] cat-recovery-gear therabody-theragun-pro… READY (3572w, 10 secs)
[514/547] cat-recovery-gear triggerpoint-grid-travel… READY (3566w, 10 secs)
[515/547] cat-recovery-gear triggerpoint-grid-x… READY (3548w, 10 secs)
[516/547] cat-training-shoes tyr-cxt-1… READY (3422w, 10 secs)
[517/547] cat-training-shoes tyr-cxt-2… READY (3497w, 10 secs)
[518/547] cat-training-shoes tyr-cxt1-trainer… READY (3493w, 10 secs)
[519/547] cat-training-shoes ua-charged-commit-4… READY (3588w, 10 secs)
[520/547] cat-training-shoes ua-project-rock-bsr-4… READY (3611w, 10 secs)
[521/547] cat-training-shoes ua-reign-lifter… READY (3652w, 10 secs)
[522/547] cat-training-shoes ua-tribase-reign-6… READY (3542w, 10 secs)
[523/547] cat-hydration ultimate-direction-body-bottle-500… READY (3742w, 10 secs)
[524/547] cat-running-belts ultimate-direction-race-belt… READY (3607w, 10 secs)
[525/547] cat-running-belts ultimate-direction-ultra-belt… READY (3616w, 10 secs)
[526/547] cat-running-belts ultraspire-fitted-race-belt-2… READY (3458w, 10 secs)
[527/547] cat-padel-rackets varlion-lw-carbon-difusor-2026… READY (3501w, 10 secs)
[528/547] cat-training-shoes vivobarefoot-primus-lite-iii… READY (3743w, 10 secs)
[529/547] cat-rowing-machines waterrower-a1… READY (3551w, 10 secs)
[530/547] cat-padel-rackets wilson-bela-pro-v2-2026… NEEDS_RESEARCH (ineligible)
[531/547] cat-tennis-rackets wilson-blade-100-v9… READY (3473w, 10 secs)
[532/547] cat-tennis-rackets wilson-blade-98-v8… READY (3442w, 10 secs)
[533/547] cat-tennis-rackets wilson-blade-98-v9… READY (3466w, 10 secs)
[534/547] cat-padel-rackets wilson-blade-pro-v2-padel-2026… READY (3602w, 10 secs)
[535/547] cat-tennis-rackets wilson-clash-100-v2… READY (3444w, 10 secs)
[536/547] cat-tennis-rackets wilson-clash-100-v3… READY (3387w, 10 secs)
[537/547] cat-padel-grips wilson-padel-overgrip-pack… NEEDS_RESEARCH (ineligible)
[538/547] cat-tennis-shoes wilson-rush-pro-4-0… READY (3456w, 10 secs)
[539/547] cat-padel-shoes wilson-rush-pro-5-padel… READY (3506w, 10 secs)
[540/547] cat-tennis-shoes wilson-rush-pro-ace… READY (3422w, 10 secs)
[541/547] cat-treadmills woodway-curve-trainer… READY (3516w, 10 secs)
[542/547] cat-ski-ergs xebex-ski-erg… READY (3505w, 10 secs)
[543/547] cat-training-shoes xero-prio… READY (3512w, 10 secs)
[544/547] cat-tennis-rackets yonex-ezone-100-2025… READY (3480w, 10 secs)
[545/547] cat-tennis-rackets yonex-ezone-98-2024… READY (3548w, 10 secs)
[546/547] cat-tennis-rackets yonex-vcore-100-2023… READY (3431w, 10 secs)
[547/547] cat-tennis-rackets yonex-vcore-98-2026… READY (3499w, 10 secs)

Wrote 544 reviews → /Users/LMeyeridricks/Documents/coding/kitletics/src/content/reviews-unique-rewrite.json
{
  "generatedAt": "2026-09-09T18:40:52.136Z",
  "dryRun": false,
  "candidates": 547,
  "rewrittenThisRun": 544,
  "mergedTotal": 544,
  "needsResearch": 3,
  "byOutcome": {
    "READY": 544,
    "NEEDS_RESEARCH": 3
  },
  "byCategory": {
    "cat-running-shoes": {
      "total": 69,
      "READY": 69,
      "NEEDS_RESEARCH": 0,
      "ERROR": 0
    },
    "cat-gps-watches": {
      "total": 13,
      "READY": 13,
      "NEEDS_RESEARCH": 0,
      "ERROR": 0
    },
    "cat-hrm": {
      "total": 11,
      "READY": 11,
      "NEEDS_RESEARCH": 0,
      "ERROR": 0
    },
    "cat-packs-vests": {
      "total": 35,
      "READY": 35,
      "NEEDS_RESEARCH": 0,
      "ERROR": 0
    },
    "cat-running-socks": {
      "total": 10,
      "READY": 10,
      "NEEDS_RESEARCH": 0,
      "ERROR": 0
    },
    "cat-headphones": {
      "total": 11,
      "READY": 11,
      "NEEDS_RESEARCH": 0,
      "ERROR": 0
    },
    "cat-running-clothing": {
      "total": 57,
      "READY": 57,
      "NEEDS_RESEARCH": 0,
      "ERROR": 0
    },
    "cat-sunglasses": {
      "total": 17,
      "READY": 17,
      "NEEDS_RESEARCH": 0,
      "ERROR": 0
    },
    "cat-running-lights": {
      "total": 9,
      "READY": 9,
      "NEEDS_RESEARCH": 0,
      "ERROR": 0
    },
    "cat-nutrition": {
      "total": 38,
      "READY": 38,
      "NEEDS_RESEARCH": 0,
      "ERROR": 0
    },
    "cat-accessories": {
      "total": 3,
      "READY": 3,
      "NEEDS_RESEARCH": 0,
      "ERROR": 0
    },
    "cat-safety": {
      "total": 6,
      "READY": 6,
      "NEEDS_RESEARCH": 0,
      "ERROR": 0
    },
    "cat-training-shoes": {
      "total": 44,
      "READY": 44,
      "NEEDS_RESEARCH": 0,
      "ERROR": 0
    },
    "cat-tennis-shoes": {
      "total": 14,
      "READY": 14,
      "NEEDS_RESEARCH": 0,
      "ERROR": 0
    },
    "cat-padel-shoes": {
      "total": 23,
      "READY": 23,
      "NEEDS_RESEARCH": 0,
      "ERROR": 0
    },
    "cat-padel-rackets": {
      "total": 27,
      "READY": 26,
      "NEEDS_RESEARCH": 1,
      "ERROR": 0
    },
    "cat-running-belts": {
      "total": 14,
      "READY": 14,
      "NEEDS_RESEARCH": 0,
      "ERROR": 0
    },
    "cat-hydration": {
      "total": 17,
      "READY": 17,
      "NEEDS_RESEARCH": 0,
      "ERROR": 0
    },
    "cat-air-bikes": {
      "total": 6,
      "READY": 6,
      "NEEDS_RESEARCH": 0,
      "ERROR": 0
    },
    "cat-treadmills": {
      "total": 6,
      "READY": 6,
      "NEEDS_RESEARCH": 0,
      "ERROR": 0
    },
    "cat-weight-plates": {
      "total": 5,
      "READY": 5,
      "NEEDS_RESEARCH": 0,
      "ERROR": 0
    },
    "cat-weight-benches": {
      "total": 7,
      "READY": 7,
      "NEEDS_RESEARCH": 0,
      "ERROR": 0
    },
    "cat-tennis-rackets": {
      "total": 20,
      "READY": 20,
      "NEEDS_RESEARCH": 0,
      "ERROR": 0
    },
    "cat-lifting-accessories": {
      "total": 6,
      "READY": 6,
      "NEEDS_RESEARCH": 0,
      "ERROR": 0
    },
    "cat-recovery-gear": {
      "total": 16,
      "READY": 16,
      "NEEDS_RESEARCH": 0,
      "ERROR": 0
    },
    "cat-adjustable-dumbbells": {
      "total": 8,
      "READY": 8,
      "NEEDS_RESEARCH": 0,
      "ERROR": 0
    },
    "cat-rowing-machines": {
      "total": 6,
      "READY": 6,
      "NEEDS_RESEARCH": 0,
      "ERROR": 0
    },
    "cat-ski-ergs": {
      "total": 5,
      "READY": 5,
      "NEEDS_RESEARCH": 0,
      "ERROR": 0
    },
    "cat-kettlebells": {
      "total": 5,
      "READY": 5,
      "NEEDS_RESEARCH": 0,
      "ERROR": 0
    },
    "cat-barbells": {
      "total": 6,
      "READY": 6,
      "NEEDS_RESEARCH": 0,
      "ERROR": 0
    },
    "cat-gymnastic-rings": {
      "total": 2,
      "READY": 2,
      "NEEDS_RESEARCH": 0,
      "ERROR": 0
    },
    "cat-parallettes": {
      "total": 3,
      "READY": 3,
      "NEEDS_RESEARCH": 0,
      "ERROR": 0
    },
    "cat-pull-up-bars": {
      "total": 6,
      "READY": 6,
      "NEEDS_RESEARCH": 0,
      "ERROR": 0
    },
    "cat-weighted-vests": {
      "total": 3,
      "READY": 3,
      "NEEDS_RESEARCH": 0,
      "ERROR": 0
    },
    "cat-padel-balls": {
      "total": 1,
      "READY": 0,
      "NEEDS_RESEARCH": 1,
      "ERROR": 0
    },
    "cat-functional-fitness": {
      "total": 5,
      "READY": 5,
      "NEEDS_RESEARCH": 0,
      "ERROR": 0
    },
    "cat-gym-flooring": {
      "total": 2,
      "READY": 2,
      "NEEDS_RESEARCH": 0,
      "ERROR": 0
    },
    "cat-power-racks": {
      "total": 8,
      "READY": 8,
      "NEEDS_RESEARCH": 0,
      "ERROR": 0
    },
    "cat-gym-storage": {
      "total": 2,
      "READY": 2,
      "NEEDS_RESEARCH": 0,
      "ERROR": 0
    },
    "cat-padel-grips": {
      "total": 1,
      "READY": 0,
      "NEEDS_RESEARCH": 1,
      "ERROR": 0
    }
  }
}
