{
  "totals": {
    "NEEDS_DIFFERENTIATION": 303,
    "DUPLICATIVE": 250,
    "GENUINELY_UNIQUE": 804,
    "TEMPLATE_SIMILAR_ACCEPTABLE": 81
  },
  "reviews": {
    "NEEDS_DIFFERENTIATION": 296,
    "DUPLICATIVE": 250,
    "GENUINELY_UNIQUE": 38,
    "TEMPLATE_SIMILAR_ACCEPTABLE": 3
  },
  "products": {
    "GENUINELY_UNIQUE": 593,
    "TEMPLATE_SIMILAR_ACCEPTABLE": 30
  },
  "bestGuides": {
    "GENUINELY_UNIQUE": 33,
    "TEMPLATE_SIMILAR_ACCEPTABLE": 25
  },
  "buyingGuides": {
    "GENUINELY_UNIQUE": 68
  },
  "comparisons": {
    "GENUINELY_UNIQUE": 72,
    "TEMPLATE_SIMILAR_ACCEPTABLE": 23,
    "NEEDS_DIFFERENTIATION": 7
  },
  "day1ReviewHolds": 533,
  "duplicativeReviews": 250,
  "needsDifferentiationReviews": 296
}
Wrote /Users/LMeyeridricks/Documents/coding/kitletics/docs/prelaunch/data/25-content-uniqueness.json
Wrote /Users/LMeyeridricks/Documents/coding/kitletics/src/content/launch/content-uniqueness-holds.ts (533 holds)
Top review pairs: [
  '0.905 julbo-ultimate ↔ smith-attack-mag',
  '0.899 goodr-ogs ↔ julbo-aerolite',
  '0.895 100-percent-s3 ↔ oakley-sutro-lite',
  '0.88 julbo-aerolite ↔ oakley-encoder',
  '0.876 goodr-circle-gs ↔ tifosi-vogel',
  '0.875 oakley-sutro-lite ↔ rudy-project-cutline',
  '0.866 oakley-kato ↔ rudy-project-cutline',
  '0.861 goodr-ogs ↔ oakley-encoder'
]
