deepened asics-novablast-6: 0 → 2
deepened salomon-adv-skin-12: 0 → 4
deepened asics-gel-kayano-32: 0 → 2
deepened patagonia-houdini-men: 0 → 4
deepened brooks-adrenaline-gts-25: 0 → 4
deepened polar-h10: 0 → 1
deepened salomon-adv-skin-5: 0 → 4
deepened wahoo-trackr: 0 → 1
deepened suunto-run: 0 → 1
deepened ultimate-direction-race-vest-6: 0 → 4
deepened suunto-vertical-2: 0 → 1
deepened nathan-vaporair-4: 0 → 4
deepened polar-h9: 0 → 1
deepened osprey-duro-15: 0 → 4
deepened janji-multi-short-men: 0 → 4
deepened hydrapak-skyflask-speed-500: 0 → 3
{
  "deepened": 16,
  "alreadyHad": 8,
  "couldNotSource": 26,
  "registryProducts": 39
}
